vendor=metax device=cuda triton=3.6.0
GB/s; cfg = TOKEN_BLOCK/num_warps of the best config
shape (B,S,bs,hd,qbs)          MB     copy     gems     byte      cfg   word32      cfg   word64      cfg
  skip byte tb=1 w=16: OutOfResources: out of resource: threads, Required: 1024, Hardware limit: 512. Reducing block si
  skip byte tb=4 w=16: OutOfResources: out of resource: threads, Required: 1024, Hardware limit: 512. Reducing block si
  skip byte tb=8 w=16: OutOfResources: out of resource: threads, Required: 1024, Hardware limit: 512. Reducing block si
  skip byte tb=16 w=16: OutOfResources: out of resource: threads, Required: 1024, Hardware limit: 512. Reducing block si
  skip byte tb=32 w=16: OutOfResources: out of resource: threads, Required: 1024, Hardware limit: 512. Reducing block si
  skip byte tb=64 w=16: OutOfResources: out of resource: threads, Required: 1024, Hardware limit: 512. Reducing block si
  skip byte tb=128 w=16: OutOfResources: out of resource: threads, Required: 1024, Hardware limit: 512. Reducing block si
  skip word32 tb=1 w=1: CompilationError: at 32:63:
    TOKEN_BLOCK: tl.constexpr,
    SEARCH_STEPS: tl.constexpr,
):
    
  skip word32 tb=1 w=2: CompilationError: at 32:63:
    TOKEN_BLOCK: tl.constexpr,
    SEARCH_STEPS: tl.constexpr,
):
    
  skip word32 tb=1 w=4: CompilationError: at 32:63:
    TOKEN_BLOCK: tl.constexpr,
    SEARCH_STEPS: tl.constexpr,
):
    
  skip word32 tb=1 w=8: CompilationError: at 32:63:
    TOKEN_BLOCK: tl.constexpr,
    SEARCH_STEPS: tl.constexpr,
):
    
  skip word32 tb=1 w=16: CompilationError: at 32:63:
    TOKEN_BLOCK: tl.constexpr,
    SEARCH_STEPS: tl.constexpr,
):
    
  skip word32 tb=4 w=1: CompilationError: at 32:63:
    TOKEN_BLOCK: tl.constexpr,
    SEARCH_STEPS: tl.constexpr,
):
    
  skip word32 tb=4 w=2: CompilationError: at 32:63:
    TOKEN_BLOCK: tl.constexpr,
    SEARCH_STEPS: tl.constexpr,
):
    
  skip word32 tb=4 w=4: CompilationError: at 32:63:
    TOKEN_BLOCK: tl.constexpr,
    SEARCH_STEPS: tl.constexpr,
):
    
  skip word32 tb=4 w=8: CompilationError: at 32:63:
    TOKEN_BLOCK: tl.constexpr,
    SEARCH_STEPS: tl.constexpr,
):
    
  skip word32 tb=4 w=16: CompilationError: at 32:63:
    TOKEN_BLOCK: tl.constexpr,
    SEARCH_STEPS: tl.constexpr,
):
    
  skip word32 tb=8 w=1: CompilationError: at 32:63:
    TOKEN_BLOCK: tl.constexpr,
    SEARCH_STEPS: tl.constexpr,
):
    
  skip word32 tb=8 w=2: CompilationError: at 32:63:
    TOKEN_BLOCK: tl.constexpr,
    SEARCH_STEPS: tl.constexpr,
):
    
  skip word32 tb=8 w=4: CompilationError: at 32:63:
    TOKEN_BLOCK: tl.constexpr,
    SEARCH_STEPS: tl.constexpr,
):
    
  skip word32 tb=8 w=8: CompilationError: at 32:63:
    TOKEN_BLOCK: tl.constexpr,
    SEARCH_STEPS: tl.constexpr,
):
    
  skip word32 tb=8 w=16: CompilationError: at 32:63:
    TOKEN_BLOCK: tl.constexpr,
    SEARCH_STEPS: tl.constexpr,
):
    
  skip word32 tb=16 w=1: CompilationError: at 32:63:
    TOKEN_BLOCK: tl.constexpr,
    SEARCH_STEPS: tl.constexpr,
):
    
  skip word32 tb=16 w=2: CompilationError: at 32:63:
    TOKEN_BLOCK: tl.constexpr,
    SEARCH_STEPS: tl.constexpr,
):
    
  skip word32 tb=16 w=4: CompilationError: at 32:63:
    TOKEN_BLOCK: tl.constexpr,
    SEARCH_STEPS: tl.constexpr,
):
    
  skip word32 tb=16 w=8: CompilationError: at 32:63:
    TOKEN_BLOCK: tl.constexpr,
    SEARCH_STEPS: tl.constexpr,
):
    
  skip word32 tb=16 w=16: CompilationError: at 32:63:
    TOKEN_BLOCK: tl.constexpr,
    SEARCH_STEPS: tl.constexpr,
):
    
  skip word32 tb=32 w=1: CompilationError: at 32:63:
    TOKEN_BLOCK: tl.constexpr,
    SEARCH_STEPS: tl.constexpr,
):
    
  skip word32 tb=32 w=2: CompilationError: at 32:63:
    TOKEN_BLOCK: tl.constexpr,
    SEARCH_STEPS: tl.constexpr,
):
    
  skip word32 tb=32 w=4: CompilationError: at 32:63:
    TOKEN_BLOCK: tl.constexpr,
    SEARCH_STEPS: tl.constexpr,
):
    
  skip word32 tb=32 w=8: CompilationError: at 32:63:
    TOKEN_BLOCK: tl.constexpr,
    SEARCH_STEPS: tl.constexpr,
):
    
  skip word32 tb=32 w=16: CompilationError: at 32:63:
    TOKEN_BLOCK: tl.constexpr,
    SEARCH_STEPS: tl.constexpr,
):
    
  skip word32 tb=64 w=1: CompilationError: at 32:63:
    TOKEN_BLOCK: tl.constexpr,
    SEARCH_STEPS: tl.constexpr,
):
    
  skip word32 tb=64 w=2: CompilationError: at 32:63:
    TOKEN_BLOCK: tl.constexpr,
    SEARCH_STEPS: tl.constexpr,
):
    
  skip word32 tb=64 w=4: CompilationError: at 32:63:
    TOKEN_BLOCK: tl.constexpr,
    SEARCH_STEPS: tl.constexpr,
):
    
  skip word32 tb=64 w=8: CompilationError: at 32:63:
    TOKEN_BLOCK: tl.constexpr,
    SEARCH_STEPS: tl.constexpr,
):
    
  skip word32 tb=64 w=16: CompilationError: at 32:63:
    TOKEN_BLOCK: tl.constexpr,
    SEARCH_STEPS: tl.constexpr,
):
    
  skip word32 tb=128 w=1: CompilationError: at 32:63:
    TOKEN_BLOCK: tl.constexpr,
    SEARCH_STEPS: tl.constexpr,
):
    
  skip word32 tb=128 w=2: CompilationError: at 32:63:
    TOKEN_BLOCK: tl.constexpr,
    SEARCH_STEPS: tl.constexpr,
):
    
  skip word32 tb=128 w=4: CompilationError: at 32:63:
    TOKEN_BLOCK: tl.constexpr,
    SEARCH_STEPS: tl.constexpr,
):
    
  skip word32 tb=128 w=8: CompilationError: at 32:63:
    TOKEN_BLOCK: tl.constexpr,
    SEARCH_STEPS: tl.constexpr,
):
    
  skip word32 tb=128 w=16: CompilationError: at 32:63:
    TOKEN_BLOCK: tl.constexpr,
    SEARCH_STEPS: tl.constexpr,
):
    
  skip word64 tb=1 w=1: CompilationError: at 32:63:
    TOKEN_BLOCK: tl.constexpr,
    SEARCH_STEPS: tl.constexpr,
):
    
  skip word64 tb=1 w=2: CompilationError: at 32:63:
    TOKEN_BLOCK: tl.constexpr,
    SEARCH_STEPS: tl.constexpr,
):
    
  skip word64 tb=1 w=4: CompilationError: at 32:63:
    TOKEN_BLOCK: tl.constexpr,
    SEARCH_STEPS: tl.constexpr,
):
    
  skip word64 tb=1 w=8: CompilationError: at 32:63:
    TOKEN_BLOCK: tl.constexpr,
    SEARCH_STEPS: tl.constexpr,
):
    
  skip word64 tb=1 w=16: CompilationError: at 32:63:
    TOKEN_BLOCK: tl.constexpr,
    SEARCH_STEPS: tl.constexpr,
):
    
  skip word64 tb=4 w=1: CompilationError: at 32:63:
    TOKEN_BLOCK: tl.constexpr,
    SEARCH_STEPS: tl.constexpr,
):
    
  skip word64 tb=4 w=2: CompilationError: at 32:63:
    TOKEN_BLOCK: tl.constexpr,
    SEARCH_STEPS: tl.constexpr,
):
    
  skip word64 tb=4 w=4: CompilationError: at 32:63:
    TOKEN_BLOCK: tl.constexpr,
    SEARCH_STEPS: tl.constexpr,
):
    
  skip word64 tb=4 w=8: CompilationError: at 32:63:
    TOKEN_BLOCK: tl.constexpr,
    SEARCH_STEPS: tl.constexpr,
):
    
  skip word64 tb=4 w=16: CompilationError: at 32:63:
    TOKEN_BLOCK: tl.constexpr,
    SEARCH_STEPS: tl.constexpr,
):
    
  skip word64 tb=8 w=1: CompilationError: at 32:63:
    TOKEN_BLOCK: tl.constexpr,
    SEARCH_STEPS: tl.constexpr,
):
    
  skip word64 tb=8 w=2: CompilationError: at 32:63:
    TOKEN_BLOCK: tl.constexpr,
    SEARCH_STEPS: tl.constexpr,
):
    
  skip word64 tb=8 w=4: CompilationError: at 32:63:
    TOKEN_BLOCK: tl.constexpr,
    SEARCH_STEPS: tl.constexpr,
):
    
  skip word64 tb=8 w=8: CompilationError: at 32:63:
    TOKEN_BLOCK: tl.constexpr,
    SEARCH_STEPS: tl.constexpr,
):
    
  skip word64 tb=8 w=16: CompilationError: at 32:63:
    TOKEN_BLOCK: tl.constexpr,
    SEARCH_STEPS: tl.constexpr,
):
    
  skip word64 tb=16 w=1: CompilationError: at 32:63:
    TOKEN_BLOCK: tl.constexpr,
    SEARCH_STEPS: tl.constexpr,
):
    
  skip word64 tb=16 w=2: CompilationError: at 32:63:
    TOKEN_BLOCK: tl.constexpr,
    SEARCH_STEPS: tl.constexpr,
):
    
  skip word64 tb=16 w=4: CompilationError: at 32:63:
    TOKEN_BLOCK: tl.constexpr,
    SEARCH_STEPS: tl.constexpr,
):
    
  skip word64 tb=16 w=8: CompilationError: at 32:63:
    TOKEN_BLOCK: tl.constexpr,
    SEARCH_STEPS: tl.constexpr,
):
    
  skip word64 tb=16 w=16: CompilationError: at 32:63:
    TOKEN_BLOCK: tl.constexpr,
    SEARCH_STEPS: tl.constexpr,
):
    
  skip word64 tb=32 w=1: CompilationError: at 32:63:
    TOKEN_BLOCK: tl.constexpr,
    SEARCH_STEPS: tl.constexpr,
):
    
  skip word64 tb=32 w=2: CompilationError: at 32:63:
    TOKEN_BLOCK: tl.constexpr,
    SEARCH_STEPS: tl.constexpr,
):
    
  skip word64 tb=32 w=4: CompilationError: at 32:63:
    TOKEN_BLOCK: tl.constexpr,
    SEARCH_STEPS: tl.constexpr,
):
    
  skip word64 tb=32 w=8: CompilationError: at 32:63:
    TOKEN_BLOCK: tl.constexpr,
    SEARCH_STEPS: tl.constexpr,
):
    
  skip word64 tb=32 w=16: CompilationError: at 32:63:
    TOKEN_BLOCK: tl.constexpr,
    SEARCH_STEPS: tl.constexpr,
):
    
  skip word64 tb=64 w=1: CompilationError: at 32:63:
    TOKEN_BLOCK: tl.constexpr,
    SEARCH_STEPS: tl.constexpr,
):
    
  skip word64 tb=64 w=2: CompilationError: at 32:63:
    TOKEN_BLOCK: tl.constexpr,
    SEARCH_STEPS: tl.constexpr,
):
    
  skip word64 tb=64 w=4: CompilationError: at 32:63:
    TOKEN_BLOCK: tl.constexpr,
    SEARCH_STEPS: tl.constexpr,
):
    
  skip word64 tb=64 w=8: CompilationError: at 32:63:
    TOKEN_BLOCK: tl.constexpr,
    SEARCH_STEPS: tl.constexpr,
):
    
  skip word64 tb=64 w=16: CompilationError: at 32:63:
    TOKEN_BLOCK: tl.constexpr,
    SEARCH_STEPS: tl.constexpr,
):
    
  skip word64 tb=128 w=1: CompilationError: at 32:63:
    TOKEN_BLOCK: tl.constexpr,
    SEARCH_STEPS: tl.constexpr,
):
    
  skip word64 tb=128 w=2: CompilationError: at 32:63:
    TOKEN_BLOCK: tl.constexpr,
    SEARCH_STEPS: tl.constexpr,
):
    
  skip word64 tb=128 w=4: CompilationError: at 32:63:
    TOKEN_BLOCK: tl.constexpr,
    SEARCH_STEPS: tl.constexpr,
):
    
  skip word64 tb=128 w=8: CompilationError: at 32:63:
    TOKEN_BLOCK: tl.constexpr,
    SEARCH_STEPS: tl.constexpr,
):
    
  skip word64 tb=128 w=16: CompilationError: at 32:63:
    TOKEN_BLOCK: tl.constexpr,
    SEARCH_STEPS: tl.constexpr,
):
    
(4, 256, 16, 128, 128)        0.3       18       17       17     16/2      n/a               n/a         
  skip byte tb=1 w=16: OutOfResources: out of resource: threads, Required: 1024, Hardware limit: 512. Reducing block si
  skip byte tb=4 w=16: OutOfResources: out of resource: threads, Required: 1024, Hardware limit: 512. Reducing block si
  skip byte tb=8 w=16: OutOfResources: out of resource: threads, Required: 1024, Hardware limit: 512. Reducing block si
  skip byte tb=16 w=16: OutOfResources: out of resource: threads, Required: 1024, Hardware limit: 512. Reducing block si
  skip byte tb=32 w=16: OutOfResources: out of resource: threads, Required: 1024, Hardware limit: 512. Reducing block si
  skip byte tb=64 w=16: OutOfResources: out of resource: threads, Required: 1024, Hardware limit: 512. Reducing block si
  skip byte tb=128 w=16: OutOfResources: out of resource: threads, Required: 1024, Hardware limit: 512. Reducing block si
  skip word32 tb=1 w=1: CompilationError: at 32:63:
    TOKEN_BLOCK: tl.constexpr,
    SEARCH_STEPS: tl.constexpr,
):
    
  skip word32 tb=1 w=2: CompilationError: at 32:63:
    TOKEN_BLOCK: tl.constexpr,
    SEARCH_STEPS: tl.constexpr,
):
    
  skip word32 tb=1 w=4: CompilationError: at 32:63:
    TOKEN_BLOCK: tl.constexpr,
    SEARCH_STEPS: tl.constexpr,
):
    
  skip word32 tb=1 w=8: CompilationError: at 32:63:
    TOKEN_BLOCK: tl.constexpr,
    SEARCH_STEPS: tl.constexpr,
):
    
  skip word32 tb=1 w=16: CompilationError: at 32:63:
    TOKEN_BLOCK: tl.constexpr,
    SEARCH_STEPS: tl.constexpr,
):
    
  skip word32 tb=4 w=1: CompilationError: at 32:63:
    TOKEN_BLOCK: tl.constexpr,
    SEARCH_STEPS: tl.constexpr,
):
    
  skip word32 tb=4 w=2: CompilationError: at 32:63:
    TOKEN_BLOCK: tl.constexpr,
    SEARCH_STEPS: tl.constexpr,
):
    
  skip word32 tb=4 w=4: CompilationError: at 32:63:
    TOKEN_BLOCK: tl.constexpr,
    SEARCH_STEPS: tl.constexpr,
):
    
  skip word32 tb=4 w=8: CompilationError: at 32:63:
    TOKEN_BLOCK: tl.constexpr,
    SEARCH_STEPS: tl.constexpr,
):
    
  skip word32 tb=4 w=16: CompilationError: at 32:63:
    TOKEN_BLOCK: tl.constexpr,
    SEARCH_STEPS: tl.constexpr,
):
    
  skip word32 tb=8 w=1: CompilationError: at 32:63:
    TOKEN_BLOCK: tl.constexpr,
    SEARCH_STEPS: tl.constexpr,
):
    
  skip word32 tb=8 w=2: CompilationError: at 32:63:
    TOKEN_BLOCK: tl.constexpr,
    SEARCH_STEPS: tl.constexpr,
):
    
  skip word32 tb=8 w=4: CompilationError: at 32:63:
    TOKEN_BLOCK: tl.constexpr,
    SEARCH_STEPS: tl.constexpr,
):
    
  skip word32 tb=8 w=8: CompilationError: at 32:63:
    TOKEN_BLOCK: tl.constexpr,
    SEARCH_STEPS: tl.constexpr,
):
    
  skip word32 tb=8 w=16: CompilationError: at 32:63:
    TOKEN_BLOCK: tl.constexpr,
    SEARCH_STEPS: tl.constexpr,
):
    
  skip word32 tb=16 w=1: CompilationError: at 32:63:
    TOKEN_BLOCK: tl.constexpr,
    SEARCH_STEPS: tl.constexpr,
):
    
  skip word32 tb=16 w=2: CompilationError: at 32:63:
    TOKEN_BLOCK: tl.constexpr,
    SEARCH_STEPS: tl.constexpr,
):
    
  skip word32 tb=16 w=4: CompilationError: at 32:63:
    TOKEN_BLOCK: tl.constexpr,
    SEARCH_STEPS: tl.constexpr,
):
    
  skip word32 tb=16 w=8: CompilationError: at 32:63:
    TOKEN_BLOCK: tl.constexpr,
    SEARCH_STEPS: tl.constexpr,
):
    
  skip word32 tb=16 w=16: CompilationError: at 32:63:
    TOKEN_BLOCK: tl.constexpr,
    SEARCH_STEPS: tl.constexpr,
):
    
  skip word32 tb=32 w=1: CompilationError: at 32:63:
    TOKEN_BLOCK: tl.constexpr,
    SEARCH_STEPS: tl.constexpr,
):
    
  skip word32 tb=32 w=2: CompilationError: at 32:63:
    TOKEN_BLOCK: tl.constexpr,
    SEARCH_STEPS: tl.constexpr,
):
    
  skip word32 tb=32 w=4: CompilationError: at 32:63:
    TOKEN_BLOCK: tl.constexpr,
    SEARCH_STEPS: tl.constexpr,
):
    
  skip word32 tb=32 w=8: CompilationError: at 32:63:
    TOKEN_BLOCK: tl.constexpr,
    SEARCH_STEPS: tl.constexpr,
):
    
  skip word32 tb=32 w=16: CompilationError: at 32:63:
    TOKEN_BLOCK: tl.constexpr,
    SEARCH_STEPS: tl.constexpr,
):
    
  skip word32 tb=64 w=1: CompilationError: at 32:63:
    TOKEN_BLOCK: tl.constexpr,
    SEARCH_STEPS: tl.constexpr,
):
    
  skip word32 tb=64 w=2: CompilationError: at 32:63:
    TOKEN_BLOCK: tl.constexpr,
    SEARCH_STEPS: tl.constexpr,
):
    
  skip word32 tb=64 w=4: CompilationError: at 32:63:
    TOKEN_BLOCK: tl.constexpr,
    SEARCH_STEPS: tl.constexpr,
):
    
  skip word32 tb=64 w=8: CompilationError: at 32:63:
    TOKEN_BLOCK: tl.constexpr,
    SEARCH_STEPS: tl.constexpr,
):
    
  skip word32 tb=64 w=16: CompilationError: at 32:63:
    TOKEN_BLOCK: tl.constexpr,
    SEARCH_STEPS: tl.constexpr,
):
    
  skip word32 tb=128 w=1: CompilationError: at 32:63:
    TOKEN_BLOCK: tl.constexpr,
    SEARCH_STEPS: tl.constexpr,
):
    
  skip word32 tb=128 w=2: CompilationError: at 32:63:
    TOKEN_BLOCK: tl.constexpr,
    SEARCH_STEPS: tl.constexpr,
):
    
  skip word32 tb=128 w=4: CompilationError: at 32:63:
    TOKEN_BLOCK: tl.constexpr,
    SEARCH_STEPS: tl.constexpr,
):
    
  skip word32 tb=128 w=8: CompilationError: at 32:63:
    TOKEN_BLOCK: tl.constexpr,
    SEARCH_STEPS: tl.constexpr,
):
    
  skip word32 tb=128 w=16: CompilationError: at 32:63:
    TOKEN_BLOCK: tl.constexpr,
    SEARCH_STEPS: tl.constexpr,
):
    
  skip word64 tb=1 w=1: CompilationError: at 32:63:
    TOKEN_BLOCK: tl.constexpr,
    SEARCH_STEPS: tl.constexpr,
):
    
  skip word64 tb=1 w=2: CompilationError: at 32:63:
    TOKEN_BLOCK: tl.constexpr,
    SEARCH_STEPS: tl.constexpr,
):
    
  skip word64 tb=1 w=4: CompilationError: at 32:63:
    TOKEN_BLOCK: tl.constexpr,
    SEARCH_STEPS: tl.constexpr,
):
    
  skip word64 tb=1 w=8: CompilationError: at 32:63:
    TOKEN_BLOCK: tl.constexpr,
    SEARCH_STEPS: tl.constexpr,
):
    
  skip word64 tb=1 w=16: CompilationError: at 32:63:
    TOKEN_BLOCK: tl.constexpr,
    SEARCH_STEPS: tl.constexpr,
):
    
  skip word64 tb=4 w=1: CompilationError: at 32:63:
    TOKEN_BLOCK: tl.constexpr,
    SEARCH_STEPS: tl.constexpr,
):
    
  skip word64 tb=4 w=2: CompilationError: at 32:63:
    TOKEN_BLOCK: tl.constexpr,
    SEARCH_STEPS: tl.constexpr,
):
    
  skip word64 tb=4 w=4: CompilationError: at 32:63:
    TOKEN_BLOCK: tl.constexpr,
    SEARCH_STEPS: tl.constexpr,
):
    
  skip word64 tb=4 w=8: CompilationError: at 32:63:
    TOKEN_BLOCK: tl.constexpr,
    SEARCH_STEPS: tl.constexpr,
):
    
  skip word64 tb=4 w=16: CompilationError: at 32:63:
    TOKEN_BLOCK: tl.constexpr,
    SEARCH_STEPS: tl.constexpr,
):
    
  skip word64 tb=8 w=1: CompilationError: at 32:63:
    TOKEN_BLOCK: tl.constexpr,
    SEARCH_STEPS: tl.constexpr,
):
    
  skip word64 tb=8 w=2: CompilationError: at 32:63:
    TOKEN_BLOCK: tl.constexpr,
    SEARCH_STEPS: tl.constexpr,
):
    
  skip word64 tb=8 w=4: CompilationError: at 32:63:
    TOKEN_BLOCK: tl.constexpr,
    SEARCH_STEPS: tl.constexpr,
):
    
  skip word64 tb=8 w=8: CompilationError: at 32:63:
    TOKEN_BLOCK: tl.constexpr,
    SEARCH_STEPS: tl.constexpr,
):
    
  skip word64 tb=8 w=16: CompilationError: at 32:63:
    TOKEN_BLOCK: tl.constexpr,
    SEARCH_STEPS: tl.constexpr,
):
    
  skip word64 tb=16 w=1: CompilationError: at 32:63:
    TOKEN_BLOCK: tl.constexpr,
    SEARCH_STEPS: tl.constexpr,
):
    
  skip word64 tb=16 w=2: CompilationError: at 32:63:
    TOKEN_BLOCK: tl.constexpr,
    SEARCH_STEPS: tl.constexpr,
):
    
  skip word64 tb=16 w=4: CompilationError: at 32:63:
    TOKEN_BLOCK: tl.constexpr,
    SEARCH_STEPS: tl.constexpr,
):
    
  skip word64 tb=16 w=8: CompilationError: at 32:63:
    TOKEN_BLOCK: tl.constexpr,
    SEARCH_STEPS: tl.constexpr,
):
    
  skip word64 tb=16 w=16: CompilationError: at 32:63:
    TOKEN_BLOCK: tl.constexpr,
    SEARCH_STEPS: tl.constexpr,
):
    
  skip word64 tb=32 w=1: CompilationError: at 32:63:
    TOKEN_BLOCK: tl.constexpr,
    SEARCH_STEPS: tl.constexpr,
):
    
  skip word64 tb=32 w=2: CompilationError: at 32:63:
    TOKEN_BLOCK: tl.constexpr,
    SEARCH_STEPS: tl.constexpr,
):
    
  skip word64 tb=32 w=4: CompilationError: at 32:63:
    TOKEN_BLOCK: tl.constexpr,
    SEARCH_STEPS: tl.constexpr,
):
    
  skip word64 tb=32 w=8: CompilationError: at 32:63:
    TOKEN_BLOCK: tl.constexpr,
    SEARCH_STEPS: tl.constexpr,
):
    
  skip word64 tb=32 w=16: CompilationError: at 32:63:
    TOKEN_BLOCK: tl.constexpr,
    SEARCH_STEPS: tl.constexpr,
):
    
  skip word64 tb=64 w=1: CompilationError: at 32:63:
    TOKEN_BLOCK: tl.constexpr,
    SEARCH_STEPS: tl.constexpr,
):
    
  skip word64 tb=64 w=2: CompilationError: at 32:63:
    TOKEN_BLOCK: tl.constexpr,
    SEARCH_STEPS: tl.constexpr,
):
    
  skip word64 tb=64 w=4: CompilationError: at 32:63:
    TOKEN_BLOCK: tl.constexpr,
    SEARCH_STEPS: tl.constexpr,
):
    
  skip word64 tb=64 w=8: CompilationError: at 32:63:
    TOKEN_BLOCK: tl.constexpr,
    SEARCH_STEPS: tl.constexpr,
):
    
  skip word64 tb=64 w=16: CompilationError: at 32:63:
    TOKEN_BLOCK: tl.constexpr,
    SEARCH_STEPS: tl.constexpr,
):
    
  skip word64 tb=128 w=1: CompilationError: at 32:63:
    TOKEN_BLOCK: tl.constexpr,
    SEARCH_STEPS: tl.constexpr,
):
    
  skip word64 tb=128 w=2: CompilationError: at 32:63:
    TOKEN_BLOCK: tl.constexpr,
    SEARCH_STEPS: tl.constexpr,
):
    
  skip word64 tb=128 w=4: CompilationError: at 32:63:
    TOKEN_BLOCK: tl.constexpr,
    SEARCH_STEPS: tl.constexpr,
):
    
  skip word64 tb=128 w=8: CompilationError: at 32:63:
    TOKEN_BLOCK: tl.constexpr,
    SEARCH_STEPS: tl.constexpr,
):
    
  skip word64 tb=128 w=16: CompilationError: at 32:63:
    TOKEN_BLOCK: tl.constexpr,
    SEARCH_STEPS: tl.constexpr,
):
    
(8, 512, 16, 128, 128)        1.1       55       50       61    128/2      n/a               n/a         
  skip byte tb=1 w=16: OutOfResources: out of resource: threads, Required: 1024, Hardware limit: 512. Reducing block si
  skip byte tb=4 w=16: OutOfResources: out of resource: threads, Required: 1024, Hardware limit: 512. Reducing block si
  skip byte tb=8 w=16: OutOfResources: out of resource: threads, Required: 1024, Hardware limit: 512. Reducing block si
  skip byte tb=16 w=16: OutOfResources: out of resource: threads, Required: 1024, Hardware limit: 512. Reducing block si
  skip byte tb=32 w=16: OutOfResources: out of resource: threads, Required: 1024, Hardware limit: 512. Reducing block si
  skip byte tb=64 w=16: OutOfResources: out of resource: threads, Required: 1024, Hardware limit: 512. Reducing block si
  skip byte tb=128 w=16: OutOfResources: out of resource: threads, Required: 1024, Hardware limit: 512. Reducing block si
  skip word32 tb=1 w=1: CompilationError: at 32:63:
    TOKEN_BLOCK: tl.constexpr,
    SEARCH_STEPS: tl.constexpr,
):
    
  skip word32 tb=1 w=2: CompilationError: at 32:63:
    TOKEN_BLOCK: tl.constexpr,
    SEARCH_STEPS: tl.constexpr,
):
    
  skip word32 tb=1 w=4: CompilationError: at 32:63:
    TOKEN_BLOCK: tl.constexpr,
    SEARCH_STEPS: tl.constexpr,
):
    
  skip word32 tb=1 w=8: CompilationError: at 32:63:
    TOKEN_BLOCK: tl.constexpr,
    SEARCH_STEPS: tl.constexpr,
):
    
  skip word32 tb=1 w=16: CompilationError: at 32:63:
    TOKEN_BLOCK: tl.constexpr,
    SEARCH_STEPS: tl.constexpr,
):
    
  skip word32 tb=4 w=1: CompilationError: at 32:63:
    TOKEN_BLOCK: tl.constexpr,
    SEARCH_STEPS: tl.constexpr,
):
    
  skip word32 tb=4 w=2: CompilationError: at 32:63:
    TOKEN_BLOCK: tl.constexpr,
    SEARCH_STEPS: tl.constexpr,
):
    
  skip word32 tb=4 w=4: CompilationError: at 32:63:
    TOKEN_BLOCK: tl.constexpr,
    SEARCH_STEPS: tl.constexpr,
):
    
  skip word32 tb=4 w=8: CompilationError: at 32:63:
    TOKEN_BLOCK: tl.constexpr,
    SEARCH_STEPS: tl.constexpr,
):
    
  skip word32 tb=4 w=16: CompilationError: at 32:63:
    TOKEN_BLOCK: tl.constexpr,
    SEARCH_STEPS: tl.constexpr,
):
    
  skip word32 tb=8 w=1: CompilationError: at 32:63:
    TOKEN_BLOCK: tl.constexpr,
    SEARCH_STEPS: tl.constexpr,
):
    
  skip word32 tb=8 w=2: CompilationError: at 32:63:
    TOKEN_BLOCK: tl.constexpr,
    SEARCH_STEPS: tl.constexpr,
):
    
  skip word32 tb=8 w=4: CompilationError: at 32:63:
    TOKEN_BLOCK: tl.constexpr,
    SEARCH_STEPS: tl.constexpr,
):
    
  skip word32 tb=8 w=8: CompilationError: at 32:63:
    TOKEN_BLOCK: tl.constexpr,
    SEARCH_STEPS: tl.constexpr,
):
    
  skip word32 tb=8 w=16: CompilationError: at 32:63:
    TOKEN_BLOCK: tl.constexpr,
    SEARCH_STEPS: tl.constexpr,
):
    
  skip word32 tb=16 w=1: CompilationError: at 32:63:
    TOKEN_BLOCK: tl.constexpr,
    SEARCH_STEPS: tl.constexpr,
):
    
  skip word32 tb=16 w=2: CompilationError: at 32:63:
    TOKEN_BLOCK: tl.constexpr,
    SEARCH_STEPS: tl.constexpr,
):
    
  skip word32 tb=16 w=4: CompilationError: at 32:63:
    TOKEN_BLOCK: tl.constexpr,
    SEARCH_STEPS: tl.constexpr,
):
    
  skip word32 tb=16 w=8: CompilationError: at 32:63:
    TOKEN_BLOCK: tl.constexpr,
    SEARCH_STEPS: tl.constexpr,
):
    
  skip word32 tb=16 w=16: CompilationError: at 32:63:
    TOKEN_BLOCK: tl.constexpr,
    SEARCH_STEPS: tl.constexpr,
):
    
  skip word32 tb=32 w=1: CompilationError: at 32:63:
    TOKEN_BLOCK: tl.constexpr,
    SEARCH_STEPS: tl.constexpr,
):
    
  skip word32 tb=32 w=2: CompilationError: at 32:63:
    TOKEN_BLOCK: tl.constexpr,
    SEARCH_STEPS: tl.constexpr,
):
    
  skip word32 tb=32 w=4: CompilationError: at 32:63:
    TOKEN_BLOCK: tl.constexpr,
    SEARCH_STEPS: tl.constexpr,
):
    
  skip word32 tb=32 w=8: CompilationError: at 32:63:
    TOKEN_BLOCK: tl.constexpr,
    SEARCH_STEPS: tl.constexpr,
):
    
  skip word32 tb=32 w=16: CompilationError: at 32:63:
    TOKEN_BLOCK: tl.constexpr,
    SEARCH_STEPS: tl.constexpr,
):
    
  skip word32 tb=64 w=1: CompilationError: at 32:63:
    TOKEN_BLOCK: tl.constexpr,
    SEARCH_STEPS: tl.constexpr,
):
    
  skip word32 tb=64 w=2: CompilationError: at 32:63:
    TOKEN_BLOCK: tl.constexpr,
    SEARCH_STEPS: tl.constexpr,
):
    
  skip word32 tb=64 w=4: CompilationError: at 32:63:
    TOKEN_BLOCK: tl.constexpr,
    SEARCH_STEPS: tl.constexpr,
):
    
  skip word32 tb=64 w=8: CompilationError: at 32:63:
    TOKEN_BLOCK: tl.constexpr,
    SEARCH_STEPS: tl.constexpr,
):
    
  skip word32 tb=64 w=16: CompilationError: at 32:63:
    TOKEN_BLOCK: tl.constexpr,
    SEARCH_STEPS: tl.constexpr,
):
    
  skip word32 tb=128 w=1: CompilationError: at 32:63:
    TOKEN_BLOCK: tl.constexpr,
    SEARCH_STEPS: tl.constexpr,
):
    
  skip word32 tb=128 w=2: CompilationError: at 32:63:
    TOKEN_BLOCK: tl.constexpr,
    SEARCH_STEPS: tl.constexpr,
):
    
  skip word32 tb=128 w=4: CompilationError: at 32:63:
    TOKEN_BLOCK: tl.constexpr,
    SEARCH_STEPS: tl.constexpr,
):
    
  skip word32 tb=128 w=8: CompilationError: at 32:63:
    TOKEN_BLOCK: tl.constexpr,
    SEARCH_STEPS: tl.constexpr,
):
    
  skip word32 tb=128 w=16: CompilationError: at 32:63:
    TOKEN_BLOCK: tl.constexpr,
    SEARCH_STEPS: tl.constexpr,
):
    
  skip word64 tb=1 w=1: CompilationError: at 32:63:
    TOKEN_BLOCK: tl.constexpr,
    SEARCH_STEPS: tl.constexpr,
):
    
  skip word64 tb=1 w=2: CompilationError: at 32:63:
    TOKEN_BLOCK: tl.constexpr,
    SEARCH_STEPS: tl.constexpr,
):
    
  skip word64 tb=1 w=4: CompilationError: at 32:63:
    TOKEN_BLOCK: tl.constexpr,
    SEARCH_STEPS: tl.constexpr,
):
    
  skip word64 tb=1 w=8: CompilationError: at 32:63:
    TOKEN_BLOCK: tl.constexpr,
    SEARCH_STEPS: tl.constexpr,
):
    
  skip word64 tb=1 w=16: CompilationError: at 32:63:
    TOKEN_BLOCK: tl.constexpr,
    SEARCH_STEPS: tl.constexpr,
):
    
  skip word64 tb=4 w=1: CompilationError: at 32:63:
    TOKEN_BLOCK: tl.constexpr,
    SEARCH_STEPS: tl.constexpr,
):
    
  skip word64 tb=4 w=2: CompilationError: at 32:63:
    TOKEN_BLOCK: tl.constexpr,
    SEARCH_STEPS: tl.constexpr,
):
    
  skip word64 tb=4 w=4: CompilationError: at 32:63:
    TOKEN_BLOCK: tl.constexpr,
    SEARCH_STEPS: tl.constexpr,
):
    
  skip word64 tb=4 w=8: CompilationError: at 32:63:
    TOKEN_BLOCK: tl.constexpr,
    SEARCH_STEPS: tl.constexpr,
):
    
  skip word64 tb=4 w=16: CompilationError: at 32:63:
    TOKEN_BLOCK: tl.constexpr,
    SEARCH_STEPS: tl.constexpr,
):
    
  skip word64 tb=8 w=1: CompilationError: at 32:63:
    TOKEN_BLOCK: tl.constexpr,
    SEARCH_STEPS: tl.constexpr,
):
    
  skip word64 tb=8 w=2: CompilationError: at 32:63:
    TOKEN_BLOCK: tl.constexpr,
    SEARCH_STEPS: tl.constexpr,
):
    
  skip word64 tb=8 w=4: CompilationError: at 32:63:
    TOKEN_BLOCK: tl.constexpr,
    SEARCH_STEPS: tl.constexpr,
):
    
  skip word64 tb=8 w=8: CompilationError: at 32:63:
    TOKEN_BLOCK: tl.constexpr,
    SEARCH_STEPS: tl.constexpr,
):
    
  skip word64 tb=8 w=16: CompilationError: at 32:63:
    TOKEN_BLOCK: tl.constexpr,
    SEARCH_STEPS: tl.constexpr,
):
    
  skip word64 tb=16 w=1: CompilationError: at 32:63:
    TOKEN_BLOCK: tl.constexpr,
    SEARCH_STEPS: tl.constexpr,
):
    
  skip word64 tb=16 w=2: CompilationError: at 32:63:
    TOKEN_BLOCK: tl.constexpr,
    SEARCH_STEPS: tl.constexpr,
):
    
  skip word64 tb=16 w=4: CompilationError: at 32:63:
    TOKEN_BLOCK: tl.constexpr,
    SEARCH_STEPS: tl.constexpr,
):
    
  skip word64 tb=16 w=8: CompilationError: at 32:63:
    TOKEN_BLOCK: tl.constexpr,
    SEARCH_STEPS: tl.constexpr,
):
    
  skip word64 tb=16 w=16: CompilationError: at 32:63:
    TOKEN_BLOCK: tl.constexpr,
    SEARCH_STEPS: tl.constexpr,
):
    
  skip word64 tb=32 w=1: CompilationError: at 32:63:
    TOKEN_BLOCK: tl.constexpr,
    SEARCH_STEPS: tl.constexpr,
):
    
  skip word64 tb=32 w=2: CompilationError: at 32:63:
    TOKEN_BLOCK: tl.constexpr,
    SEARCH_STEPS: tl.constexpr,
):
    
  skip word64 tb=32 w=4: CompilationError: at 32:63:
    TOKEN_BLOCK: tl.constexpr,
    SEARCH_STEPS: tl.constexpr,
):
    
  skip word64 tb=32 w=8: CompilationError: at 32:63:
    TOKEN_BLOCK: tl.constexpr,
    SEARCH_STEPS: tl.constexpr,
):
    
  skip word64 tb=32 w=16: CompilationError: at 32:63:
    TOKEN_BLOCK: tl.constexpr,
    SEARCH_STEPS: tl.constexpr,
):
    
  skip word64 tb=64 w=1: CompilationError: at 32:63:
    TOKEN_BLOCK: tl.constexpr,
    SEARCH_STEPS: tl.constexpr,
):
    
  skip word64 tb=64 w=2: CompilationError: at 32:63:
    TOKEN_BLOCK: tl.constexpr,
    SEARCH_STEPS: tl.constexpr,
):
    
  skip word64 tb=64 w=4: CompilationError: at 32:63:
    TOKEN_BLOCK: tl.constexpr,
    SEARCH_STEPS: tl.constexpr,
):
    
  skip word64 tb=64 w=8: CompilationError: at 32:63:
    TOKEN_BLOCK: tl.constexpr,
    SEARCH_STEPS: tl.constexpr,
):
    
  skip word64 tb=64 w=16: CompilationError: at 32:63:
    TOKEN_BLOCK: tl.constexpr,
    SEARCH_STEPS: tl.constexpr,
):
    
  skip word64 tb=128 w=1: CompilationError: at 32:63:
    TOKEN_BLOCK: tl.constexpr,
    SEARCH_STEPS: tl.constexpr,
):
    
  skip word64 tb=128 w=2: CompilationError: at 32:63:
    TOKEN_BLOCK: tl.constexpr,
    SEARCH_STEPS: tl.constexpr,
):
    
  skip word64 tb=128 w=4: CompilationError: at 32:63:
    TOKEN_BLOCK: tl.constexpr,
    SEARCH_STEPS: tl.constexpr,
):
    
  skip word64 tb=128 w=8: CompilationError: at 32:63:
    TOKEN_BLOCK: tl.constexpr,
    SEARCH_STEPS: tl.constexpr,
):
    
  skip word64 tb=128 w=16: CompilationError: at 32:63:
    TOKEN_BLOCK: tl.constexpr,
    SEARCH_STEPS: tl.constexpr,
):
    
(16, 1024, 16, 512, 128)     17.3      304       92      420    128/1      n/a               n/a         
  skip byte tb=1 w=16: OutOfResources: out of resource: threads, Required: 1024, Hardware limit: 512. Reducing block si
  skip byte tb=4 w=16: OutOfResources: out of resource: threads, Required: 1024, Hardware limit: 512. Reducing block si
  skip byte tb=8 w=16: OutOfResources: out of resource: threads, Required: 1024, Hardware limit: 512. Reducing block si
  skip byte tb=16 w=16: OutOfResources: out of resource: threads, Required: 1024, Hardware limit: 512. Reducing block si
  skip byte tb=32 w=16: OutOfResources: out of resource: threads, Required: 1024, Hardware limit: 512. Reducing block si
  skip byte tb=64 w=16: OutOfResources: out of resource: threads, Required: 1024, Hardware limit: 512. Reducing block si
  skip byte tb=128 w=16: OutOfResources: out of resource: threads, Required: 1024, Hardware limit: 512. Reducing block si
  skip word32 tb=1 w=1: CompilationError: at 32:63:
    TOKEN_BLOCK: tl.constexpr,
    SEARCH_STEPS: tl.constexpr,
):
    
  skip word32 tb=1 w=2: CompilationError: at 32:63:
    TOKEN_BLOCK: tl.constexpr,
    SEARCH_STEPS: tl.constexpr,
):
    
  skip word32 tb=1 w=4: CompilationError: at 32:63:
    TOKEN_BLOCK: tl.constexpr,
    SEARCH_STEPS: tl.constexpr,
):
    
  skip word32 tb=1 w=8: CompilationError: at 32:63:
    TOKEN_BLOCK: tl.constexpr,
    SEARCH_STEPS: tl.constexpr,
):
    
  skip word32 tb=1 w=16: CompilationError: at 32:63:
    TOKEN_BLOCK: tl.constexpr,
    SEARCH_STEPS: tl.constexpr,
):
    
  skip word32 tb=4 w=1: CompilationError: at 32:63:
    TOKEN_BLOCK: tl.constexpr,
    SEARCH_STEPS: tl.constexpr,
):
    
  skip word32 tb=4 w=2: CompilationError: at 32:63:
    TOKEN_BLOCK: tl.constexpr,
    SEARCH_STEPS: tl.constexpr,
):
    
  skip word32 tb=4 w=4: CompilationError: at 32:63:
    TOKEN_BLOCK: tl.constexpr,
    SEARCH_STEPS: tl.constexpr,
):
    
  skip word32 tb=4 w=8: CompilationError: at 32:63:
    TOKEN_BLOCK: tl.constexpr,
    SEARCH_STEPS: tl.constexpr,
):
    
  skip word32 tb=4 w=16: CompilationError: at 32:63:
    TOKEN_BLOCK: tl.constexpr,
    SEARCH_STEPS: tl.constexpr,
):
    
  skip word32 tb=8 w=1: CompilationError: at 32:63:
    TOKEN_BLOCK: tl.constexpr,
    SEARCH_STEPS: tl.constexpr,
):
    
  skip word32 tb=8 w=2: CompilationError: at 32:63:
    TOKEN_BLOCK: tl.constexpr,
    SEARCH_STEPS: tl.constexpr,
):
    
  skip word32 tb=8 w=4: CompilationError: at 32:63:
    TOKEN_BLOCK: tl.constexpr,
    SEARCH_STEPS: tl.constexpr,
):
    
  skip word32 tb=8 w=8: CompilationError: at 32:63:
    TOKEN_BLOCK: tl.constexpr,
    SEARCH_STEPS: tl.constexpr,
):
    
  skip word32 tb=8 w=16: CompilationError: at 32:63:
    TOKEN_BLOCK: tl.constexpr,
    SEARCH_STEPS: tl.constexpr,
):
    
  skip word32 tb=16 w=1: CompilationError: at 32:63:
    TOKEN_BLOCK: tl.constexpr,
    SEARCH_STEPS: tl.constexpr,
):
    
  skip word32 tb=16 w=2: CompilationError: at 32:63:
    TOKEN_BLOCK: tl.constexpr,
    SEARCH_STEPS: tl.constexpr,
):
    
  skip word32 tb=16 w=4: CompilationError: at 32:63:
    TOKEN_BLOCK: tl.constexpr,
    SEARCH_STEPS: tl.constexpr,
):
    
  skip word32 tb=16 w=8: CompilationError: at 32:63:
    TOKEN_BLOCK: tl.constexpr,
    SEARCH_STEPS: tl.constexpr,
):
    
  skip word32 tb=16 w=16: CompilationError: at 32:63:
    TOKEN_BLOCK: tl.constexpr,
    SEARCH_STEPS: tl.constexpr,
):
    
  skip word32 tb=32 w=1: CompilationError: at 32:63:
    TOKEN_BLOCK: tl.constexpr,
    SEARCH_STEPS: tl.constexpr,
):
    
  skip word32 tb=32 w=2: CompilationError: at 32:63:
    TOKEN_BLOCK: tl.constexpr,
    SEARCH_STEPS: tl.constexpr,
):
    
  skip word32 tb=32 w=4: CompilationError: at 32:63:
    TOKEN_BLOCK: tl.constexpr,
    SEARCH_STEPS: tl.constexpr,
):
    
  skip word32 tb=32 w=8: CompilationError: at 32:63:
    TOKEN_BLOCK: tl.constexpr,
    SEARCH_STEPS: tl.constexpr,
):
    
  skip word32 tb=32 w=16: CompilationError: at 32:63:
    TOKEN_BLOCK: tl.constexpr,
    SEARCH_STEPS: tl.constexpr,
):
    
  skip word32 tb=64 w=1: CompilationError: at 32:63:
    TOKEN_BLOCK: tl.constexpr,
    SEARCH_STEPS: tl.constexpr,
):
    
  skip word32 tb=64 w=2: CompilationError: at 32:63:
    TOKEN_BLOCK: tl.constexpr,
    SEARCH_STEPS: tl.constexpr,
):
    
  skip word32 tb=64 w=4: CompilationError: at 32:63:
    TOKEN_BLOCK: tl.constexpr,
    SEARCH_STEPS: tl.constexpr,
):
    
  skip word32 tb=64 w=8: CompilationError: at 32:63:
    TOKEN_BLOCK: tl.constexpr,
    SEARCH_STEPS: tl.constexpr,
):
    
  skip word32 tb=64 w=16: CompilationError: at 32:63:
    TOKEN_BLOCK: tl.constexpr,
    SEARCH_STEPS: tl.constexpr,
):
    
  skip word32 tb=128 w=1: CompilationError: at 32:63:
    TOKEN_BLOCK: tl.constexpr,
    SEARCH_STEPS: tl.constexpr,
):
    
  skip word32 tb=128 w=2: CompilationError: at 32:63:
    TOKEN_BLOCK: tl.constexpr,
    SEARCH_STEPS: tl.constexpr,
):
    
  skip word32 tb=128 w=4: CompilationError: at 32:63:
    TOKEN_BLOCK: tl.constexpr,
    SEARCH_STEPS: tl.constexpr,
):
    
  skip word32 tb=128 w=8: CompilationError: at 32:63:
    TOKEN_BLOCK: tl.constexpr,
    SEARCH_STEPS: tl.constexpr,
):
    
  skip word32 tb=128 w=16: CompilationError: at 32:63:
    TOKEN_BLOCK: tl.constexpr,
    SEARCH_STEPS: tl.constexpr,
):
    
  skip word64 tb=1 w=1: CompilationError: at 32:63:
    TOKEN_BLOCK: tl.constexpr,
    SEARCH_STEPS: tl.constexpr,
):
    
  skip word64 tb=1 w=2: CompilationError: at 32:63:
    TOKEN_BLOCK: tl.constexpr,
    SEARCH_STEPS: tl.constexpr,
):
    
  skip word64 tb=1 w=4: CompilationError: at 32:63:
    TOKEN_BLOCK: tl.constexpr,
    SEARCH_STEPS: tl.constexpr,
):
    
  skip word64 tb=1 w=8: CompilationError: at 32:63:
    TOKEN_BLOCK: tl.constexpr,
    SEARCH_STEPS: tl.constexpr,
):
    
  skip word64 tb=1 w=16: CompilationError: at 32:63:
    TOKEN_BLOCK: tl.constexpr,
    SEARCH_STEPS: tl.constexpr,
):
    
  skip word64 tb=4 w=1: CompilationError: at 32:63:
    TOKEN_BLOCK: tl.constexpr,
    SEARCH_STEPS: tl.constexpr,
):
    
  skip word64 tb=4 w=2: CompilationError: at 32:63:
    TOKEN_BLOCK: tl.constexpr,
    SEARCH_STEPS: tl.constexpr,
):
    
  skip word64 tb=4 w=4: CompilationError: at 32:63:
    TOKEN_BLOCK: tl.constexpr,
    SEARCH_STEPS: tl.constexpr,
):
    
  skip word64 tb=4 w=8: CompilationError: at 32:63:
    TOKEN_BLOCK: tl.constexpr,
    SEARCH_STEPS: tl.constexpr,
):
    
  skip word64 tb=4 w=16: CompilationError: at 32:63:
    TOKEN_BLOCK: tl.constexpr,
    SEARCH_STEPS: tl.constexpr,
):
    
  skip word64 tb=8 w=1: CompilationError: at 32:63:
    TOKEN_BLOCK: tl.constexpr,
    SEARCH_STEPS: tl.constexpr,
):
    
  skip word64 tb=8 w=2: CompilationError: at 32:63:
    TOKEN_BLOCK: tl.constexpr,
    SEARCH_STEPS: tl.constexpr,
):
    
  skip word64 tb=8 w=4: CompilationError: at 32:63:
    TOKEN_BLOCK: tl.constexpr,
    SEARCH_STEPS: tl.constexpr,
):
    
  skip word64 tb=8 w=8: CompilationError: at 32:63:
    TOKEN_BLOCK: tl.constexpr,
    SEARCH_STEPS: tl.constexpr,
):
    
  skip word64 tb=8 w=16: CompilationError: at 32:63:
    TOKEN_BLOCK: tl.constexpr,
    SEARCH_STEPS: tl.constexpr,
):
    
  skip word64 tb=16 w=1: CompilationError: at 32:63:
    TOKEN_BLOCK: tl.constexpr,
    SEARCH_STEPS: tl.constexpr,
):
    
  skip word64 tb=16 w=2: CompilationError: at 32:63:
    TOKEN_BLOCK: tl.constexpr,
    SEARCH_STEPS: tl.constexpr,
):
    
  skip word64 tb=16 w=4: CompilationError: at 32:63:
    TOKEN_BLOCK: tl.constexpr,
    SEARCH_STEPS: tl.constexpr,
):
    
  skip word64 tb=16 w=8: CompilationError: at 32:63:
    TOKEN_BLOCK: tl.constexpr,
    SEARCH_STEPS: tl.constexpr,
):
    
  skip word64 tb=16 w=16: CompilationError: at 32:63:
    TOKEN_BLOCK: tl.constexpr,
    SEARCH_STEPS: tl.constexpr,
):
    
  skip word64 tb=32 w=1: CompilationError: at 32:63:
    TOKEN_BLOCK: tl.constexpr,
    SEARCH_STEPS: tl.constexpr,
):
    
  skip word64 tb=32 w=2: CompilationError: at 32:63:
    TOKEN_BLOCK: tl.constexpr,
    SEARCH_STEPS: tl.constexpr,
):
    
  skip word64 tb=32 w=4: CompilationError: at 32:63:
    TOKEN_BLOCK: tl.constexpr,
    SEARCH_STEPS: tl.constexpr,
):
    
  skip word64 tb=32 w=8: CompilationError: at 32:63:
    TOKEN_BLOCK: tl.constexpr,
    SEARCH_STEPS: tl.constexpr,
):
    
  skip word64 tb=32 w=16: CompilationError: at 32:63:
    TOKEN_BLOCK: tl.constexpr,
    SEARCH_STEPS: tl.constexpr,
):
    
  skip word64 tb=64 w=1: CompilationError: at 32:63:
    TOKEN_BLOCK: tl.constexpr,
    SEARCH_STEPS: tl.constexpr,
):
    
  skip word64 tb=64 w=2: CompilationError: at 32:63:
    TOKEN_BLOCK: tl.constexpr,
    SEARCH_STEPS: tl.constexpr,
):
    
  skip word64 tb=64 w=4: CompilationError: at 32:63:
    TOKEN_BLOCK: tl.constexpr,
    SEARCH_STEPS: tl.constexpr,
):
    
  skip word64 tb=64 w=8: CompilationError: at 32:63:
    TOKEN_BLOCK: tl.constexpr,
    SEARCH_STEPS: tl.constexpr,
):
    
  skip word64 tb=64 w=16: CompilationError: at 32:63:
    TOKEN_BLOCK: tl.constexpr,
    SEARCH_STEPS: tl.constexpr,
):
    
  skip word64 tb=128 w=1: CompilationError: at 32:63:
    TOKEN_BLOCK: tl.constexpr,
    SEARCH_STEPS: tl.constexpr,
):
    
  skip word64 tb=128 w=2: CompilationError: at 32:63:
    TOKEN_BLOCK: tl.constexpr,
    SEARCH_STEPS: tl.constexpr,
):
    
  skip word64 tb=128 w=4: CompilationError: at 32:63:
    TOKEN_BLOCK: tl.constexpr,
    SEARCH_STEPS: tl.constexpr,
):
    
  skip word64 tb=128 w=8: CompilationError: at 32:63:
    TOKEN_BLOCK: tl.constexpr,
    SEARCH_STEPS: tl.constexpr,
):
    
  skip word64 tb=128 w=16: CompilationError: at 32:63:
    TOKEN_BLOCK: tl.constexpr,
    SEARCH_STEPS: tl.constexpr,
):
    
(32, 1024, 16, 512, 128)     34.6      496      137      523    128/1      n/a               n/a         
  skip byte tb=1 w=16: OutOfResources: out of resource: threads, Required: 1024, Hardware limit: 512. Reducing block si
  skip byte tb=4 w=16: OutOfResources: out of resource: threads, Required: 1024, Hardware limit: 512. Reducing block si
  skip byte tb=8 w=16: OutOfResources: out of resource: threads, Required: 1024, Hardware limit: 512. Reducing block si
  skip byte tb=16 w=16: OutOfResources: out of resource: threads, Required: 1024, Hardware limit: 512. Reducing block si
  skip byte tb=32 w=16: OutOfResources: out of resource: threads, Required: 1024, Hardware limit: 512. Reducing block si
  skip byte tb=64 w=16: OutOfResources: out of resource: threads, Required: 1024, Hardware limit: 512. Reducing block si
  skip byte tb=128 w=16: OutOfResources: out of resource: threads, Required: 1024, Hardware limit: 512. Reducing block si
  skip word32 tb=1 w=1: CompilationError: at 32:63:
    TOKEN_BLOCK: tl.constexpr,
    SEARCH_STEPS: tl.constexpr,
):
    
  skip word32 tb=1 w=2: CompilationError: at 32:63:
    TOKEN_BLOCK: tl.constexpr,
    SEARCH_STEPS: tl.constexpr,
):
    
  skip word32 tb=1 w=4: CompilationError: at 32:63:
    TOKEN_BLOCK: tl.constexpr,
    SEARCH_STEPS: tl.constexpr,
):
    
  skip word32 tb=1 w=8: CompilationError: at 32:63:
    TOKEN_BLOCK: tl.constexpr,
    SEARCH_STEPS: tl.constexpr,
):
    
  skip word32 tb=1 w=16: CompilationError: at 32:63:
    TOKEN_BLOCK: tl.constexpr,
    SEARCH_STEPS: tl.constexpr,
):
    
  skip word32 tb=4 w=1: CompilationError: at 32:63:
    TOKEN_BLOCK: tl.constexpr,
    SEARCH_STEPS: tl.constexpr,
):
    
  skip word32 tb=4 w=2: CompilationError: at 32:63:
    TOKEN_BLOCK: tl.constexpr,
    SEARCH_STEPS: tl.constexpr,
):
    
  skip word32 tb=4 w=4: CompilationError: at 32:63:
    TOKEN_BLOCK: tl.constexpr,
    SEARCH_STEPS: tl.constexpr,
):
    
  skip word32 tb=4 w=8: CompilationError: at 32:63:
    TOKEN_BLOCK: tl.constexpr,
    SEARCH_STEPS: tl.constexpr,
):
    
  skip word32 tb=4 w=16: CompilationError: at 32:63:
    TOKEN_BLOCK: tl.constexpr,
    SEARCH_STEPS: tl.constexpr,
):
    
  skip word32 tb=8 w=1: CompilationError: at 32:63:
    TOKEN_BLOCK: tl.constexpr,
    SEARCH_STEPS: tl.constexpr,
):
    
  skip word32 tb=8 w=2: CompilationError: at 32:63:
    TOKEN_BLOCK: tl.constexpr,
    SEARCH_STEPS: tl.constexpr,
):
    
  skip word32 tb=8 w=4: CompilationError: at 32:63:
    TOKEN_BLOCK: tl.constexpr,
    SEARCH_STEPS: tl.constexpr,
):
    
  skip word32 tb=8 w=8: CompilationError: at 32:63:
    TOKEN_BLOCK: tl.constexpr,
    SEARCH_STEPS: tl.constexpr,
):
    
  skip word32 tb=8 w=16: CompilationError: at 32:63:
    TOKEN_BLOCK: tl.constexpr,
    SEARCH_STEPS: tl.constexpr,
):
    
  skip word32 tb=16 w=1: CompilationError: at 32:63:
    TOKEN_BLOCK: tl.constexpr,
    SEARCH_STEPS: tl.constexpr,
):
    
  skip word32 tb=16 w=2: CompilationError: at 32:63:
    TOKEN_BLOCK: tl.constexpr,
    SEARCH_STEPS: tl.constexpr,
):
    
  skip word32 tb=16 w=4: CompilationError: at 32:63:
    TOKEN_BLOCK: tl.constexpr,
    SEARCH_STEPS: tl.constexpr,
):
    
  skip word32 tb=16 w=8: CompilationError: at 32:63:
    TOKEN_BLOCK: tl.constexpr,
    SEARCH_STEPS: tl.constexpr,
):
    
  skip word32 tb=16 w=16: CompilationError: at 32:63:
    TOKEN_BLOCK: tl.constexpr,
    SEARCH_STEPS: tl.constexpr,
):
    
  skip word32 tb=32 w=1: CompilationError: at 32:63:
    TOKEN_BLOCK: tl.constexpr,
    SEARCH_STEPS: tl.constexpr,
):
    
  skip word32 tb=32 w=2: CompilationError: at 32:63:
    TOKEN_BLOCK: tl.constexpr,
    SEARCH_STEPS: tl.constexpr,
):
    
  skip word32 tb=32 w=4: CompilationError: at 32:63:
    TOKEN_BLOCK: tl.constexpr,
    SEARCH_STEPS: tl.constexpr,
):
    
  skip word32 tb=32 w=8: CompilationError: at 32:63:
    TOKEN_BLOCK: tl.constexpr,
    SEARCH_STEPS: tl.constexpr,
):
    
  skip word32 tb=32 w=16: CompilationError: at 32:63:
    TOKEN_BLOCK: tl.constexpr,
    SEARCH_STEPS: tl.constexpr,
):
    
  skip word32 tb=64 w=1: CompilationError: at 32:63:
    TOKEN_BLOCK: tl.constexpr,
    SEARCH_STEPS: tl.constexpr,
):
    
  skip word32 tb=64 w=2: CompilationError: at 32:63:
    TOKEN_BLOCK: tl.constexpr,
    SEARCH_STEPS: tl.constexpr,
):
    
  skip word32 tb=64 w=4: CompilationError: at 32:63:
    TOKEN_BLOCK: tl.constexpr,
    SEARCH_STEPS: tl.constexpr,
):
    
  skip word32 tb=64 w=8: CompilationError: at 32:63:
    TOKEN_BLOCK: tl.constexpr,
    SEARCH_STEPS: tl.constexpr,
):
    
  skip word32 tb=64 w=16: CompilationError: at 32:63:
    TOKEN_BLOCK: tl.constexpr,
    SEARCH_STEPS: tl.constexpr,
):
    
  skip word32 tb=128 w=1: CompilationError: at 32:63:
    TOKEN_BLOCK: tl.constexpr,
    SEARCH_STEPS: tl.constexpr,
):
    
  skip word32 tb=128 w=2: CompilationError: at 32:63:
    TOKEN_BLOCK: tl.constexpr,
    SEARCH_STEPS: tl.constexpr,
):
    
  skip word32 tb=128 w=4: CompilationError: at 32:63:
    TOKEN_BLOCK: tl.constexpr,
    SEARCH_STEPS: tl.constexpr,
):
    
  skip word32 tb=128 w=8: CompilationError: at 32:63:
    TOKEN_BLOCK: tl.constexpr,
    SEARCH_STEPS: tl.constexpr,
):
    
  skip word32 tb=128 w=16: CompilationError: at 32:63:
    TOKEN_BLOCK: tl.constexpr,
    SEARCH_STEPS: tl.constexpr,
):
    
  skip word64 tb=1 w=1: CompilationError: at 32:63:
    TOKEN_BLOCK: tl.constexpr,
    SEARCH_STEPS: tl.constexpr,
):
    
  skip word64 tb=1 w=2: CompilationError: at 32:63:
    TOKEN_BLOCK: tl.constexpr,
    SEARCH_STEPS: tl.constexpr,
):
    
  skip word64 tb=1 w=4: CompilationError: at 32:63:
    TOKEN_BLOCK: tl.constexpr,
    SEARCH_STEPS: tl.constexpr,
):
    
  skip word64 tb=1 w=8: CompilationError: at 32:63:
    TOKEN_BLOCK: tl.constexpr,
    SEARCH_STEPS: tl.constexpr,
):
    
  skip word64 tb=1 w=16: CompilationError: at 32:63:
    TOKEN_BLOCK: tl.constexpr,
    SEARCH_STEPS: tl.constexpr,
):
    
  skip word64 tb=4 w=1: CompilationError: at 32:63:
    TOKEN_BLOCK: tl.constexpr,
    SEARCH_STEPS: tl.constexpr,
):
    
  skip word64 tb=4 w=2: CompilationError: at 32:63:
    TOKEN_BLOCK: tl.constexpr,
    SEARCH_STEPS: tl.constexpr,
):
    
  skip word64 tb=4 w=4: CompilationError: at 32:63:
    TOKEN_BLOCK: tl.constexpr,
    SEARCH_STEPS: tl.constexpr,
):
    
  skip word64 tb=4 w=8: CompilationError: at 32:63:
    TOKEN_BLOCK: tl.constexpr,
    SEARCH_STEPS: tl.constexpr,
):
    
  skip word64 tb=4 w=16: CompilationError: at 32:63:
    TOKEN_BLOCK: tl.constexpr,
    SEARCH_STEPS: tl.constexpr,
):
    
  skip word64 tb=8 w=1: CompilationError: at 32:63:
    TOKEN_BLOCK: tl.constexpr,
    SEARCH_STEPS: tl.constexpr,
):
    
  skip word64 tb=8 w=2: CompilationError: at 32:63:
    TOKEN_BLOCK: tl.constexpr,
    SEARCH_STEPS: tl.constexpr,
):
    
  skip word64 tb=8 w=4: CompilationError: at 32:63:
    TOKEN_BLOCK: tl.constexpr,
    SEARCH_STEPS: tl.constexpr,
):
    
  skip word64 tb=8 w=8: CompilationError: at 32:63:
    TOKEN_BLOCK: tl.constexpr,
    SEARCH_STEPS: tl.constexpr,
):
    
  skip word64 tb=8 w=16: CompilationError: at 32:63:
    TOKEN_BLOCK: tl.constexpr,
    SEARCH_STEPS: tl.constexpr,
):
    
  skip word64 tb=16 w=1: CompilationError: at 32:63:
    TOKEN_BLOCK: tl.constexpr,
    SEARCH_STEPS: tl.constexpr,
):
    
  skip word64 tb=16 w=2: CompilationError: at 32:63:
    TOKEN_BLOCK: tl.constexpr,
    SEARCH_STEPS: tl.constexpr,
):
    
  skip word64 tb=16 w=4: CompilationError: at 32:63:
    TOKEN_BLOCK: tl.constexpr,
    SEARCH_STEPS: tl.constexpr,
):
    
  skip word64 tb=16 w=8: CompilationError: at 32:63:
    TOKEN_BLOCK: tl.constexpr,
    SEARCH_STEPS: tl.constexpr,
):
    
  skip word64 tb=16 w=16: CompilationError: at 32:63:
    TOKEN_BLOCK: tl.constexpr,
    SEARCH_STEPS: tl.constexpr,
):
    
  skip word64 tb=32 w=1: CompilationError: at 32:63:
    TOKEN_BLOCK: tl.constexpr,
    SEARCH_STEPS: tl.constexpr,
):
    
  skip word64 tb=32 w=2: CompilationError: at 32:63:
    TOKEN_BLOCK: tl.constexpr,
    SEARCH_STEPS: tl.constexpr,
):
    
  skip word64 tb=32 w=4: CompilationError: at 32:63:
    TOKEN_BLOCK: tl.constexpr,
    SEARCH_STEPS: tl.constexpr,
):
    
  skip word64 tb=32 w=8: CompilationError: at 32:63:
    TOKEN_BLOCK: tl.constexpr,
    SEARCH_STEPS: tl.constexpr,
):
    
  skip word64 tb=32 w=16: CompilationError: at 32:63:
    TOKEN_BLOCK: tl.constexpr,
    SEARCH_STEPS: tl.constexpr,
):
    
  skip word64 tb=64 w=1: CompilationError: at 32:63:
    TOKEN_BLOCK: tl.constexpr,
    SEARCH_STEPS: tl.constexpr,
):
    
  skip word64 tb=64 w=2: CompilationError: at 32:63:
    TOKEN_BLOCK: tl.constexpr,
    SEARCH_STEPS: tl.constexpr,
):
    
  skip word64 tb=64 w=4: CompilationError: at 32:63:
    TOKEN_BLOCK: tl.constexpr,
    SEARCH_STEPS: tl.constexpr,
):
    
  skip word64 tb=64 w=8: CompilationError: at 32:63:
    TOKEN_BLOCK: tl.constexpr,
    SEARCH_STEPS: tl.constexpr,
):
    
  skip word64 tb=64 w=16: CompilationError: at 32:63:
    TOKEN_BLOCK: tl.constexpr,
    SEARCH_STEPS: tl.constexpr,
):
    
  skip word64 tb=128 w=1: CompilationError: at 32:63:
    TOKEN_BLOCK: tl.constexpr,
    SEARCH_STEPS: tl.constexpr,
):
    
  skip word64 tb=128 w=2: CompilationError: at 32:63:
    TOKEN_BLOCK: tl.constexpr,
    SEARCH_STEPS: tl.constexpr,
):
    
  skip word64 tb=128 w=4: CompilationError: at 32:63:
    TOKEN_BLOCK: tl.constexpr,
    SEARCH_STEPS: tl.constexpr,
):
    
  skip word64 tb=128 w=8: CompilationError: at 32:63:
    TOKEN_BLOCK: tl.constexpr,
    SEARCH_STEPS: tl.constexpr,
):
    
  skip word64 tb=128 w=16: CompilationError: at 32:63:
    TOKEN_BLOCK: tl.constexpr,
    SEARCH_STEPS: tl.constexpr,
):
    
(1, 8192, 64, 128, 128)       2.2       63       97      125    128/1      n/a               n/a         
  skip byte tb=1 w=16: OutOfResources: out of resource: threads, Required: 1024, Hardware limit: 512. Reducing block si
  skip byte tb=4 w=16: OutOfResources: out of resource: threads, Required: 1024, Hardware limit: 512. Reducing block si
  skip byte tb=8 w=16: OutOfResources: out of resource: threads, Required: 1024, Hardware limit: 512. Reducing block si
  skip byte tb=16 w=16: OutOfResources: out of resource: threads, Required: 1024, Hardware limit: 512. Reducing block si
  skip byte tb=32 w=16: OutOfResources: out of resource: threads, Required: 1024, Hardware limit: 512. Reducing block si
  skip byte tb=64 w=16: OutOfResources: out of resource: threads, Required: 1024, Hardware limit: 512. Reducing block si
  skip byte tb=128 w=16: OutOfResources: out of resource: threads, Required: 1024, Hardware limit: 512. Reducing block si
  skip word32 tb=1 w=1: CompilationError: at 32:63:
    TOKEN_BLOCK: tl.constexpr,
    SEARCH_STEPS: tl.constexpr,
):
    
  skip word32 tb=1 w=2: CompilationError: at 32:63:
    TOKEN_BLOCK: tl.constexpr,
    SEARCH_STEPS: tl.constexpr,
):
    
  skip word32 tb=1 w=4: CompilationError: at 32:63:
    TOKEN_BLOCK: tl.constexpr,
    SEARCH_STEPS: tl.constexpr,
):
    
  skip word32 tb=1 w=8: CompilationError: at 32:63:
    TOKEN_BLOCK: tl.constexpr,
    SEARCH_STEPS: tl.constexpr,
):
    
  skip word32 tb=1 w=16: CompilationError: at 32:63:
    TOKEN_BLOCK: tl.constexpr,
    SEARCH_STEPS: tl.constexpr,
):
    
  skip word32 tb=4 w=1: CompilationError: at 32:63:
    TOKEN_BLOCK: tl.constexpr,
    SEARCH_STEPS: tl.constexpr,
):
    
  skip word32 tb=4 w=2: CompilationError: at 32:63:
    TOKEN_BLOCK: tl.constexpr,
    SEARCH_STEPS: tl.constexpr,
):
    
  skip word32 tb=4 w=4: CompilationError: at 32:63:
    TOKEN_BLOCK: tl.constexpr,
    SEARCH_STEPS: tl.constexpr,
):
    
  skip word32 tb=4 w=8: CompilationError: at 32:63:
    TOKEN_BLOCK: tl.constexpr,
    SEARCH_STEPS: tl.constexpr,
):
    
  skip word32 tb=4 w=16: CompilationError: at 32:63:
    TOKEN_BLOCK: tl.constexpr,
    SEARCH_STEPS: tl.constexpr,
):
    
  skip word32 tb=8 w=1: CompilationError: at 32:63:
    TOKEN_BLOCK: tl.constexpr,
    SEARCH_STEPS: tl.constexpr,
):
    
  skip word32 tb=8 w=2: CompilationError: at 32:63:
    TOKEN_BLOCK: tl.constexpr,
    SEARCH_STEPS: tl.constexpr,
):
    
  skip word32 tb=8 w=4: CompilationError: at 32:63:
    TOKEN_BLOCK: tl.constexpr,
    SEARCH_STEPS: tl.constexpr,
):
    
  skip word32 tb=8 w=8: CompilationError: at 32:63:
    TOKEN_BLOCK: tl.constexpr,
    SEARCH_STEPS: tl.constexpr,
):
    
  skip word32 tb=8 w=16: CompilationError: at 32:63:
    TOKEN_BLOCK: tl.constexpr,
    SEARCH_STEPS: tl.constexpr,
):
    
  skip word32 tb=16 w=1: CompilationError: at 32:63:
    TOKEN_BLOCK: tl.constexpr,
    SEARCH_STEPS: tl.constexpr,
):
    
  skip word32 tb=16 w=2: CompilationError: at 32:63:
    TOKEN_BLOCK: tl.constexpr,
    SEARCH_STEPS: tl.constexpr,
):
    
  skip word32 tb=16 w=4: CompilationError: at 32:63:
    TOKEN_BLOCK: tl.constexpr,
    SEARCH_STEPS: tl.constexpr,
):
    
  skip word32 tb=16 w=8: CompilationError: at 32:63:
    TOKEN_BLOCK: tl.constexpr,
    SEARCH_STEPS: tl.constexpr,
):
    
  skip word32 tb=16 w=16: CompilationError: at 32:63:
    TOKEN_BLOCK: tl.constexpr,
    SEARCH_STEPS: tl.constexpr,
):
    
  skip word32 tb=32 w=1: CompilationError: at 32:63:
    TOKEN_BLOCK: tl.constexpr,
    SEARCH_STEPS: tl.constexpr,
):
    
  skip word32 tb=32 w=2: CompilationError: at 32:63:
    TOKEN_BLOCK: tl.constexpr,
    SEARCH_STEPS: tl.constexpr,
):
    
  skip word32 tb=32 w=4: CompilationError: at 32:63:
    TOKEN_BLOCK: tl.constexpr,
    SEARCH_STEPS: tl.constexpr,
):
    
  skip word32 tb=32 w=8: CompilationError: at 32:63:
    TOKEN_BLOCK: tl.constexpr,
    SEARCH_STEPS: tl.constexpr,
):
    
  skip word32 tb=32 w=16: CompilationError: at 32:63:
    TOKEN_BLOCK: tl.constexpr,
    SEARCH_STEPS: tl.constexpr,
):
    
  skip word32 tb=64 w=1: CompilationError: at 32:63:
    TOKEN_BLOCK: tl.constexpr,
    SEARCH_STEPS: tl.constexpr,
):
    
  skip word32 tb=64 w=2: CompilationError: at 32:63:
    TOKEN_BLOCK: tl.constexpr,
    SEARCH_STEPS: tl.constexpr,
):
    
  skip word32 tb=64 w=4: CompilationError: at 32:63:
    TOKEN_BLOCK: tl.constexpr,
    SEARCH_STEPS: tl.constexpr,
):
    
  skip word32 tb=64 w=8: CompilationError: at 32:63:
    TOKEN_BLOCK: tl.constexpr,
    SEARCH_STEPS: tl.constexpr,
):
    
  skip word32 tb=64 w=16: CompilationError: at 32:63:
    TOKEN_BLOCK: tl.constexpr,
    SEARCH_STEPS: tl.constexpr,
):
    
  skip word32 tb=128 w=1: CompilationError: at 32:63:
    TOKEN_BLOCK: tl.constexpr,
    SEARCH_STEPS: tl.constexpr,
):
    
  skip word32 tb=128 w=2: CompilationError: at 32:63:
    TOKEN_BLOCK: tl.constexpr,
    SEARCH_STEPS: tl.constexpr,
):
    
  skip word32 tb=128 w=4: CompilationError: at 32:63:
    TOKEN_BLOCK: tl.constexpr,
    SEARCH_STEPS: tl.constexpr,
):
    
  skip word32 tb=128 w=8: CompilationError: at 32:63:
    TOKEN_BLOCK: tl.constexpr,
    SEARCH_STEPS: tl.constexpr,
):
    
  skip word32 tb=128 w=16: CompilationError: at 32:63:
    TOKEN_BLOCK: tl.constexpr,
    SEARCH_STEPS: tl.constexpr,
):
    
  skip word64 tb=1 w=1: CompilationError: at 32:63:
    TOKEN_BLOCK: tl.constexpr,
    SEARCH_STEPS: tl.constexpr,
):
    
  skip word64 tb=1 w=2: CompilationError: at 32:63:
    TOKEN_BLOCK: tl.constexpr,
    SEARCH_STEPS: tl.constexpr,
):
    
  skip word64 tb=1 w=4: CompilationError: at 32:63:
    TOKEN_BLOCK: tl.constexpr,
    SEARCH_STEPS: tl.constexpr,
):
    
  skip word64 tb=1 w=8: CompilationError: at 32:63:
    TOKEN_BLOCK: tl.constexpr,
    SEARCH_STEPS: tl.constexpr,
):
    
  skip word64 tb=1 w=16: CompilationError: at 32:63:
    TOKEN_BLOCK: tl.constexpr,
    SEARCH_STEPS: tl.constexpr,
):
    
  skip word64 tb=4 w=1: CompilationError: at 32:63:
    TOKEN_BLOCK: tl.constexpr,
    SEARCH_STEPS: tl.constexpr,
):
    
  skip word64 tb=4 w=2: CompilationError: at 32:63:
    TOKEN_BLOCK: tl.constexpr,
    SEARCH_STEPS: tl.constexpr,
):
    
  skip word64 tb=4 w=4: CompilationError: at 32:63:
    TOKEN_BLOCK: tl.constexpr,
    SEARCH_STEPS: tl.constexpr,
):
    
  skip word64 tb=4 w=8: CompilationError: at 32:63:
    TOKEN_BLOCK: tl.constexpr,
    SEARCH_STEPS: tl.constexpr,
):
    
  skip word64 tb=4 w=16: CompilationError: at 32:63:
    TOKEN_BLOCK: tl.constexpr,
    SEARCH_STEPS: tl.constexpr,
):
    
  skip word64 tb=8 w=1: CompilationError: at 32:63:
    TOKEN_BLOCK: tl.constexpr,
    SEARCH_STEPS: tl.constexpr,
):
    
  skip word64 tb=8 w=2: CompilationError: at 32:63:
    TOKEN_BLOCK: tl.constexpr,
    SEARCH_STEPS: tl.constexpr,
):
    
  skip word64 tb=8 w=4: CompilationError: at 32:63:
    TOKEN_BLOCK: tl.constexpr,
    SEARCH_STEPS: tl.constexpr,
):
    
  skip word64 tb=8 w=8: CompilationError: at 32:63:
    TOKEN_BLOCK: tl.constexpr,
    SEARCH_STEPS: tl.constexpr,
):
    
  skip word64 tb=8 w=16: CompilationError: at 32:63:
    TOKEN_BLOCK: tl.constexpr,
    SEARCH_STEPS: tl.constexpr,
):
    
  skip word64 tb=16 w=1: CompilationError: at 32:63:
    TOKEN_BLOCK: tl.constexpr,
    SEARCH_STEPS: tl.constexpr,
):
    
  skip word64 tb=16 w=2: CompilationError: at 32:63:
    TOKEN_BLOCK: tl.constexpr,
    SEARCH_STEPS: tl.constexpr,
):
    
  skip word64 tb=16 w=4: CompilationError: at 32:63:
    TOKEN_BLOCK: tl.constexpr,
    SEARCH_STEPS: tl.constexpr,
):
    
  skip word64 tb=16 w=8: CompilationError: at 32:63:
    TOKEN_BLOCK: tl.constexpr,
    SEARCH_STEPS: tl.constexpr,
):
    
  skip word64 tb=16 w=16: CompilationError: at 32:63:
    TOKEN_BLOCK: tl.constexpr,
    SEARCH_STEPS: tl.constexpr,
):
    
  skip word64 tb=32 w=1: CompilationError: at 32:63:
    TOKEN_BLOCK: tl.constexpr,
    SEARCH_STEPS: tl.constexpr,
):
    
  skip word64 tb=32 w=2: CompilationError: at 32:63:
    TOKEN_BLOCK: tl.constexpr,
    SEARCH_STEPS: tl.constexpr,
):
    
  skip word64 tb=32 w=4: CompilationError: at 32:63:
    TOKEN_BLOCK: tl.constexpr,
    SEARCH_STEPS: tl.constexpr,
):
    
  skip word64 tb=32 w=8: CompilationError: at 32:63:
    TOKEN_BLOCK: tl.constexpr,
    SEARCH_STEPS: tl.constexpr,
):
    
  skip word64 tb=32 w=16: CompilationError: at 32:63:
    TOKEN_BLOCK: tl.constexpr,
    SEARCH_STEPS: tl.constexpr,
):
    
  skip word64 tb=64 w=1: CompilationError: at 32:63:
    TOKEN_BLOCK: tl.constexpr,
    SEARCH_STEPS: tl.constexpr,
):
    
  skip word64 tb=64 w=2: CompilationError: at 32:63:
    TOKEN_BLOCK: tl.constexpr,
    SEARCH_STEPS: tl.constexpr,
):
    
  skip word64 tb=64 w=4: CompilationError: at 32:63:
    TOKEN_BLOCK: tl.constexpr,
    SEARCH_STEPS: tl.constexpr,
):
    
  skip word64 tb=64 w=8: CompilationError: at 32:63:
    TOKEN_BLOCK: tl.constexpr,
    SEARCH_STEPS: tl.constexpr,
):
    
  skip word64 tb=64 w=16: CompilationError: at 32:63:
    TOKEN_BLOCK: tl.constexpr,
    SEARCH_STEPS: tl.constexpr,
):
    
  skip word64 tb=128 w=1: CompilationError: at 32:63:
    TOKEN_BLOCK: tl.constexpr,
    SEARCH_STEPS: tl.constexpr,
):
    
  skip word64 tb=128 w=2: CompilationError: at 32:63:
    TOKEN_BLOCK: tl.constexpr,
    SEARCH_STEPS: tl.constexpr,
):
    
  skip word64 tb=128 w=4: CompilationError: at 32:63:
    TOKEN_BLOCK: tl.constexpr,
    SEARCH_STEPS: tl.constexpr,
):
    
  skip word64 tb=128 w=8: CompilationError: at 32:63:
    TOKEN_BLOCK: tl.constexpr,
    SEARCH_STEPS: tl.constexpr,
):
    
  skip word64 tb=128 w=16: CompilationError: at 32:63:
    TOKEN_BLOCK: tl.constexpr,
    SEARCH_STEPS: tl.constexpr,
):
    
(8, 4096, 64, 128, 128)       8.7      169      123      378     64/1      n/a               n/a         
  skip byte tb=1 w=16: OutOfResources: out of resource: threads, Required: 1024, Hardware limit: 512. Reducing block si
  skip byte tb=4 w=16: OutOfResources: out of resource: threads, Required: 1024, Hardware limit: 512. Reducing block si
  skip byte tb=8 w=16: OutOfResources: out of resource: threads, Required: 1024, Hardware limit: 512. Reducing block si
  skip byte tb=16 w=16: OutOfResources: out of resource: threads, Required: 1024, Hardware limit: 512. Reducing block si
  skip byte tb=32 w=16: OutOfResources: out of resource: threads, Required: 1024, Hardware limit: 512. Reducing block si
  skip byte tb=64 w=16: OutOfResources: out of resource: threads, Required: 1024, Hardware limit: 512. Reducing block si
  skip byte tb=128 w=16: OutOfResources: out of resource: threads, Required: 1024, Hardware limit: 512. Reducing block si
  skip word32 tb=1 w=1: CompilationError: at 32:63:
    TOKEN_BLOCK: tl.constexpr,
    SEARCH_STEPS: tl.constexpr,
):
    
  skip word32 tb=1 w=2: CompilationError: at 32:63:
    TOKEN_BLOCK: tl.constexpr,
    SEARCH_STEPS: tl.constexpr,
):
    
  skip word32 tb=1 w=4: CompilationError: at 32:63:
    TOKEN_BLOCK: tl.constexpr,
    SEARCH_STEPS: tl.constexpr,
):
    
  skip word32 tb=1 w=8: CompilationError: at 32:63:
    TOKEN_BLOCK: tl.constexpr,
    SEARCH_STEPS: tl.constexpr,
):
    
  skip word32 tb=1 w=16: CompilationError: at 32:63:
    TOKEN_BLOCK: tl.constexpr,
    SEARCH_STEPS: tl.constexpr,
):
    
  skip word32 tb=4 w=1: CompilationError: at 32:63:
    TOKEN_BLOCK: tl.constexpr,
    SEARCH_STEPS: tl.constexpr,
):
    
  skip word32 tb=4 w=2: CompilationError: at 32:63:
    TOKEN_BLOCK: tl.constexpr,
    SEARCH_STEPS: tl.constexpr,
):
    
  skip word32 tb=4 w=4: CompilationError: at 32:63:
    TOKEN_BLOCK: tl.constexpr,
    SEARCH_STEPS: tl.constexpr,
):
    
  skip word32 tb=4 w=8: CompilationError: at 32:63:
    TOKEN_BLOCK: tl.constexpr,
    SEARCH_STEPS: tl.constexpr,
):
    
  skip word32 tb=4 w=16: CompilationError: at 32:63:
    TOKEN_BLOCK: tl.constexpr,
    SEARCH_STEPS: tl.constexpr,
):
    
  skip word32 tb=8 w=1: CompilationError: at 32:63:
    TOKEN_BLOCK: tl.constexpr,
    SEARCH_STEPS: tl.constexpr,
):
    
  skip word32 tb=8 w=2: CompilationError: at 32:63:
    TOKEN_BLOCK: tl.constexpr,
    SEARCH_STEPS: tl.constexpr,
):
    
  skip word32 tb=8 w=4: CompilationError: at 32:63:
    TOKEN_BLOCK: tl.constexpr,
    SEARCH_STEPS: tl.constexpr,
):
    
  skip word32 tb=8 w=8: CompilationError: at 32:63:
    TOKEN_BLOCK: tl.constexpr,
    SEARCH_STEPS: tl.constexpr,
):
    
  skip word32 tb=8 w=16: CompilationError: at 32:63:
    TOKEN_BLOCK: tl.constexpr,
    SEARCH_STEPS: tl.constexpr,
):
    
  skip word32 tb=16 w=1: CompilationError: at 32:63:
    TOKEN_BLOCK: tl.constexpr,
    SEARCH_STEPS: tl.constexpr,
):
    
  skip word32 tb=16 w=2: CompilationError: at 32:63:
    TOKEN_BLOCK: tl.constexpr,
    SEARCH_STEPS: tl.constexpr,
):
    
  skip word32 tb=16 w=4: CompilationError: at 32:63:
    TOKEN_BLOCK: tl.constexpr,
    SEARCH_STEPS: tl.constexpr,
):
    
  skip word32 tb=16 w=8: CompilationError: at 32:63:
    TOKEN_BLOCK: tl.constexpr,
    SEARCH_STEPS: tl.constexpr,
):
    
  skip word32 tb=16 w=16: CompilationError: at 32:63:
    TOKEN_BLOCK: tl.constexpr,
    SEARCH_STEPS: tl.constexpr,
):
    
  skip word32 tb=32 w=1: CompilationError: at 32:63:
    TOKEN_BLOCK: tl.constexpr,
    SEARCH_STEPS: tl.constexpr,
):
    
  skip word32 tb=32 w=2: CompilationError: at 32:63:
    TOKEN_BLOCK: tl.constexpr,
    SEARCH_STEPS: tl.constexpr,
):
    
  skip word32 tb=32 w=4: CompilationError: at 32:63:
    TOKEN_BLOCK: tl.constexpr,
    SEARCH_STEPS: tl.constexpr,
):
    
  skip word32 tb=32 w=8: CompilationError: at 32:63:
    TOKEN_BLOCK: tl.constexpr,
    SEARCH_STEPS: tl.constexpr,
):
    
  skip word32 tb=32 w=16: CompilationError: at 32:63:
    TOKEN_BLOCK: tl.constexpr,
    SEARCH_STEPS: tl.constexpr,
):
    
  skip word32 tb=64 w=1: CompilationError: at 32:63:
    TOKEN_BLOCK: tl.constexpr,
    SEARCH_STEPS: tl.constexpr,
):
    
  skip word32 tb=64 w=2: CompilationError: at 32:63:
    TOKEN_BLOCK: tl.constexpr,
    SEARCH_STEPS: tl.constexpr,
):
    
  skip word32 tb=64 w=4: CompilationError: at 32:63:
    TOKEN_BLOCK: tl.constexpr,
    SEARCH_STEPS: tl.constexpr,
):
    
  skip word32 tb=64 w=8: CompilationError: at 32:63:
    TOKEN_BLOCK: tl.constexpr,
    SEARCH_STEPS: tl.constexpr,
):
    
  skip word32 tb=64 w=16: CompilationError: at 32:63:
    TOKEN_BLOCK: tl.constexpr,
    SEARCH_STEPS: tl.constexpr,
):
    
  skip word32 tb=128 w=1: CompilationError: at 32:63:
    TOKEN_BLOCK: tl.constexpr,
    SEARCH_STEPS: tl.constexpr,
):
    
  skip word32 tb=128 w=2: CompilationError: at 32:63:
    TOKEN_BLOCK: tl.constexpr,
    SEARCH_STEPS: tl.constexpr,
):
    
  skip word32 tb=128 w=4: CompilationError: at 32:63:
    TOKEN_BLOCK: tl.constexpr,
    SEARCH_STEPS: tl.constexpr,
):
    
  skip word32 tb=128 w=8: CompilationError: at 32:63:
    TOKEN_BLOCK: tl.constexpr,
    SEARCH_STEPS: tl.constexpr,
):
    
  skip word32 tb=128 w=16: CompilationError: at 32:63:
    TOKEN_BLOCK: tl.constexpr,
    SEARCH_STEPS: tl.constexpr,
):
    
  skip word64 tb=1 w=1: CompilationError: at 32:63:
    TOKEN_BLOCK: tl.constexpr,
    SEARCH_STEPS: tl.constexpr,
):
    
  skip word64 tb=1 w=2: CompilationError: at 32:63:
    TOKEN_BLOCK: tl.constexpr,
    SEARCH_STEPS: tl.constexpr,
):
    
  skip word64 tb=1 w=4: CompilationError: at 32:63:
    TOKEN_BLOCK: tl.constexpr,
    SEARCH_STEPS: tl.constexpr,
):
    
  skip word64 tb=1 w=8: CompilationError: at 32:63:
    TOKEN_BLOCK: tl.constexpr,
    SEARCH_STEPS: tl.constexpr,
):
    
  skip word64 tb=1 w=16: CompilationError: at 32:63:
    TOKEN_BLOCK: tl.constexpr,
    SEARCH_STEPS: tl.constexpr,
):
    
  skip word64 tb=4 w=1: CompilationError: at 32:63:
    TOKEN_BLOCK: tl.constexpr,
    SEARCH_STEPS: tl.constexpr,
):
    
  skip word64 tb=4 w=2: CompilationError: at 32:63:
    TOKEN_BLOCK: tl.constexpr,
    SEARCH_STEPS: tl.constexpr,
):
    
  skip word64 tb=4 w=4: CompilationError: at 32:63:
    TOKEN_BLOCK: tl.constexpr,
    SEARCH_STEPS: tl.constexpr,
):
    
  skip word64 tb=4 w=8: CompilationError: at 32:63:
    TOKEN_BLOCK: tl.constexpr,
    SEARCH_STEPS: tl.constexpr,
):
    
  skip word64 tb=4 w=16: CompilationError: at 32:63:
    TOKEN_BLOCK: tl.constexpr,
    SEARCH_STEPS: tl.constexpr,
):
    
  skip word64 tb=8 w=1: CompilationError: at 32:63:
    TOKEN_BLOCK: tl.constexpr,
    SEARCH_STEPS: tl.constexpr,
):
    
  skip word64 tb=8 w=2: CompilationError: at 32:63:
    TOKEN_BLOCK: tl.constexpr,
    SEARCH_STEPS: tl.constexpr,
):
    
  skip word64 tb=8 w=4: CompilationError: at 32:63:
    TOKEN_BLOCK: tl.constexpr,
    SEARCH_STEPS: tl.constexpr,
):
    
  skip word64 tb=8 w=8: CompilationError: at 32:63:
    TOKEN_BLOCK: tl.constexpr,
    SEARCH_STEPS: tl.constexpr,
):
    
  skip word64 tb=8 w=16: CompilationError: at 32:63:
    TOKEN_BLOCK: tl.constexpr,
    SEARCH_STEPS: tl.constexpr,
):
    
  skip word64 tb=16 w=1: CompilationError: at 32:63:
    TOKEN_BLOCK: tl.constexpr,
    SEARCH_STEPS: tl.constexpr,
):
    
  skip word64 tb=16 w=2: CompilationError: at 32:63:
    TOKEN_BLOCK: tl.constexpr,
    SEARCH_STEPS: tl.constexpr,
):
    
  skip word64 tb=16 w=4: CompilationError: at 32:63:
    TOKEN_BLOCK: tl.constexpr,
    SEARCH_STEPS: tl.constexpr,
):
    
  skip word64 tb=16 w=8: CompilationError: at 32:63:
    TOKEN_BLOCK: tl.constexpr,
    SEARCH_STEPS: tl.constexpr,
):
    
  skip word64 tb=16 w=16: CompilationError: at 32:63:
    TOKEN_BLOCK: tl.constexpr,
    SEARCH_STEPS: tl.constexpr,
):
    
  skip word64 tb=32 w=1: CompilationError: at 32:63:
    TOKEN_BLOCK: tl.constexpr,
    SEARCH_STEPS: tl.constexpr,
):
    
  skip word64 tb=32 w=2: CompilationError: at 32:63:
    TOKEN_BLOCK: tl.constexpr,
    SEARCH_STEPS: tl.constexpr,
):
    
  skip word64 tb=32 w=4: CompilationError: at 32:63:
    TOKEN_BLOCK: tl.constexpr,
    SEARCH_STEPS: tl.constexpr,
):
    
  skip word64 tb=32 w=8: CompilationError: at 32:63:
    TOKEN_BLOCK: tl.constexpr,
    SEARCH_STEPS: tl.constexpr,
):
    
  skip word64 tb=32 w=16: CompilationError: at 32:63:
    TOKEN_BLOCK: tl.constexpr,
    SEARCH_STEPS: tl.constexpr,
):
    
  skip word64 tb=64 w=1: CompilationError: at 32:63:
    TOKEN_BLOCK: tl.constexpr,
    SEARCH_STEPS: tl.constexpr,
):
    
  skip word64 tb=64 w=2: CompilationError: at 32:63:
    TOKEN_BLOCK: tl.constexpr,
    SEARCH_STEPS: tl.constexpr,
):
    
  skip word64 tb=64 w=4: CompilationError: at 32:63:
    TOKEN_BLOCK: tl.constexpr,
    SEARCH_STEPS: tl.constexpr,
):
    
  skip word64 tb=64 w=8: CompilationError: at 32:63:
    TOKEN_BLOCK: tl.constexpr,
    SEARCH_STEPS: tl.constexpr,
):
    
  skip word64 tb=64 w=16: CompilationError: at 32:63:
    TOKEN_BLOCK: tl.constexpr,
    SEARCH_STEPS: tl.constexpr,
):
    
  skip word64 tb=128 w=1: CompilationError: at 32:63:
    TOKEN_BLOCK: tl.constexpr,
    SEARCH_STEPS: tl.constexpr,
):
    
  skip word64 tb=128 w=2: CompilationError: at 32:63:
    TOKEN_BLOCK: tl.constexpr,
    SEARCH_STEPS: tl.constexpr,
):
    
  skip word64 tb=128 w=4: CompilationError: at 32:63:
    TOKEN_BLOCK: tl.constexpr,
    SEARCH_STEPS: tl.constexpr,
):
    
  skip word64 tb=128 w=8: CompilationError: at 32:63:
    TOKEN_BLOCK: tl.constexpr,
    SEARCH_STEPS: tl.constexpr,
):
    
  skip word64 tb=128 w=16: CompilationError: at 32:63:
    TOKEN_BLOCK: tl.constexpr,
    SEARCH_STEPS: tl.constexpr,
):
    
(64, 1024, 64, 128, 128)     17.3      304      130      520    128/1      n/a               n/a         
  skip byte tb=1 w=16: OutOfResources: out of resource: threads, Required: 1024, Hardware limit: 512. Reducing block si
  skip byte tb=4 w=16: OutOfResources: out of resource: threads, Required: 1024, Hardware limit: 512. Reducing block si
  skip byte tb=8 w=16: OutOfResources: out of resource: threads, Required: 1024, Hardware limit: 512. Reducing block si
  skip byte tb=16 w=16: OutOfResources: out of resource: threads, Required: 1024, Hardware limit: 512. Reducing block si
  skip byte tb=32 w=16: OutOfResources: out of resource: threads, Required: 1024, Hardware limit: 512. Reducing block si
  skip byte tb=64 w=16: OutOfResources: out of resource: threads, Required: 1024, Hardware limit: 512. Reducing block si
  skip byte tb=128 w=16: OutOfResources: out of resource: threads, Required: 1024, Hardware limit: 512. Reducing block si
  skip word32 tb=1 w=1: CompilationError: at 32:63:
    TOKEN_BLOCK: tl.constexpr,
    SEARCH_STEPS: tl.constexpr,
):
    
  skip word32 tb=1 w=2: CompilationError: at 32:63:
    TOKEN_BLOCK: tl.constexpr,
    SEARCH_STEPS: tl.constexpr,
):
    
  skip word32 tb=1 w=4: CompilationError: at 32:63:
    TOKEN_BLOCK: tl.constexpr,
    SEARCH_STEPS: tl.constexpr,
):
    
  skip word32 tb=1 w=8: CompilationError: at 32:63:
    TOKEN_BLOCK: tl.constexpr,
    SEARCH_STEPS: tl.constexpr,
):
    
  skip word32 tb=1 w=16: CompilationError: at 32:63:
    TOKEN_BLOCK: tl.constexpr,
    SEARCH_STEPS: tl.constexpr,
):
    
  skip word32 tb=4 w=1: CompilationError: at 32:63:
    TOKEN_BLOCK: tl.constexpr,
    SEARCH_STEPS: tl.constexpr,
):
    
  skip word32 tb=4 w=2: CompilationError: at 32:63:
    TOKEN_BLOCK: tl.constexpr,
    SEARCH_STEPS: tl.constexpr,
):
    
  skip word32 tb=4 w=4: CompilationError: at 32:63:
    TOKEN_BLOCK: tl.constexpr,
    SEARCH_STEPS: tl.constexpr,
):
    
  skip word32 tb=4 w=8: CompilationError: at 32:63:
    TOKEN_BLOCK: tl.constexpr,
    SEARCH_STEPS: tl.constexpr,
):
    
  skip word32 tb=4 w=16: CompilationError: at 32:63:
    TOKEN_BLOCK: tl.constexpr,
    SEARCH_STEPS: tl.constexpr,
):
    
  skip word32 tb=8 w=1: CompilationError: at 32:63:
    TOKEN_BLOCK: tl.constexpr,
    SEARCH_STEPS: tl.constexpr,
):
    
  skip word32 tb=8 w=2: CompilationError: at 32:63:
    TOKEN_BLOCK: tl.constexpr,
    SEARCH_STEPS: tl.constexpr,
):
    
  skip word32 tb=8 w=4: CompilationError: at 32:63:
    TOKEN_BLOCK: tl.constexpr,
    SEARCH_STEPS: tl.constexpr,
):
    
  skip word32 tb=8 w=8: CompilationError: at 32:63:
    TOKEN_BLOCK: tl.constexpr,
    SEARCH_STEPS: tl.constexpr,
):
    
  skip word32 tb=8 w=16: CompilationError: at 32:63:
    TOKEN_BLOCK: tl.constexpr,
    SEARCH_STEPS: tl.constexpr,
):
    
  skip word32 tb=16 w=1: CompilationError: at 32:63:
    TOKEN_BLOCK: tl.constexpr,
    SEARCH_STEPS: tl.constexpr,
):
    
  skip word32 tb=16 w=2: CompilationError: at 32:63:
    TOKEN_BLOCK: tl.constexpr,
    SEARCH_STEPS: tl.constexpr,
):
    
  skip word32 tb=16 w=4: CompilationError: at 32:63:
    TOKEN_BLOCK: tl.constexpr,
    SEARCH_STEPS: tl.constexpr,
):
    
  skip word32 tb=16 w=8: CompilationError: at 32:63:
    TOKEN_BLOCK: tl.constexpr,
    SEARCH_STEPS: tl.constexpr,
):
    
  skip word32 tb=16 w=16: CompilationError: at 32:63:
    TOKEN_BLOCK: tl.constexpr,
    SEARCH_STEPS: tl.constexpr,
):
    
  skip word32 tb=32 w=1: CompilationError: at 32:63:
    TOKEN_BLOCK: tl.constexpr,
    SEARCH_STEPS: tl.constexpr,
):
    
  skip word32 tb=32 w=2: CompilationError: at 32:63:
    TOKEN_BLOCK: tl.constexpr,
    SEARCH_STEPS: tl.constexpr,
):
    
  skip word32 tb=32 w=4: CompilationError: at 32:63:
    TOKEN_BLOCK: tl.constexpr,
    SEARCH_STEPS: tl.constexpr,
):
    
  skip word32 tb=32 w=8: CompilationError: at 32:63:
    TOKEN_BLOCK: tl.constexpr,
    SEARCH_STEPS: tl.constexpr,
):
    
  skip word32 tb=32 w=16: CompilationError: at 32:63:
    TOKEN_BLOCK: tl.constexpr,
    SEARCH_STEPS: tl.constexpr,
):
    
  skip word32 tb=64 w=1: CompilationError: at 32:63:
    TOKEN_BLOCK: tl.constexpr,
    SEARCH_STEPS: tl.constexpr,
):
    
  skip word32 tb=64 w=2: CompilationError: at 32:63:
    TOKEN_BLOCK: tl.constexpr,
    SEARCH_STEPS: tl.constexpr,
):
    
  skip word32 tb=64 w=4: CompilationError: at 32:63:
    TOKEN_BLOCK: tl.constexpr,
    SEARCH_STEPS: tl.constexpr,
):
    
  skip word32 tb=64 w=8: CompilationError: at 32:63:
    TOKEN_BLOCK: tl.constexpr,
    SEARCH_STEPS: tl.constexpr,
):
    
  skip word32 tb=64 w=16: CompilationError: at 32:63:
    TOKEN_BLOCK: tl.constexpr,
    SEARCH_STEPS: tl.constexpr,
):
    
  skip word32 tb=128 w=1: CompilationError: at 32:63:
    TOKEN_BLOCK: tl.constexpr,
    SEARCH_STEPS: tl.constexpr,
):
    
  skip word32 tb=128 w=2: CompilationError: at 32:63:
    TOKEN_BLOCK: tl.constexpr,
    SEARCH_STEPS: tl.constexpr,
):
    
  skip word32 tb=128 w=4: CompilationError: at 32:63:
    TOKEN_BLOCK: tl.constexpr,
    SEARCH_STEPS: tl.constexpr,
):
    
  skip word32 tb=128 w=8: CompilationError: at 32:63:
    TOKEN_BLOCK: tl.constexpr,
    SEARCH_STEPS: tl.constexpr,
):
    
  skip word32 tb=128 w=16: CompilationError: at 32:63:
    TOKEN_BLOCK: tl.constexpr,
    SEARCH_STEPS: tl.constexpr,
):
    
  skip word64 tb=1 w=1: CompilationError: at 32:63:
    TOKEN_BLOCK: tl.constexpr,
    SEARCH_STEPS: tl.constexpr,
):
    
  skip word64 tb=1 w=2: CompilationError: at 32:63:
    TOKEN_BLOCK: tl.constexpr,
    SEARCH_STEPS: tl.constexpr,
):
    
  skip word64 tb=1 w=4: CompilationError: at 32:63:
    TOKEN_BLOCK: tl.constexpr,
    SEARCH_STEPS: tl.constexpr,
):
    
  skip word64 tb=1 w=8: CompilationError: at 32:63:
    TOKEN_BLOCK: tl.constexpr,
    SEARCH_STEPS: tl.constexpr,
):
    
  skip word64 tb=1 w=16: CompilationError: at 32:63:
    TOKEN_BLOCK: tl.constexpr,
    SEARCH_STEPS: tl.constexpr,
):
    
  skip word64 tb=4 w=1: CompilationError: at 32:63:
    TOKEN_BLOCK: tl.constexpr,
    SEARCH_STEPS: tl.constexpr,
):
    
  skip word64 tb=4 w=2: CompilationError: at 32:63:
    TOKEN_BLOCK: tl.constexpr,
    SEARCH_STEPS: tl.constexpr,
):
    
  skip word64 tb=4 w=4: CompilationError: at 32:63:
    TOKEN_BLOCK: tl.constexpr,
    SEARCH_STEPS: tl.constexpr,
):
    
  skip word64 tb=4 w=8: CompilationError: at 32:63:
    TOKEN_BLOCK: tl.constexpr,
    SEARCH_STEPS: tl.constexpr,
):
    
  skip word64 tb=4 w=16: CompilationError: at 32:63:
    TOKEN_BLOCK: tl.constexpr,
    SEARCH_STEPS: tl.constexpr,
):
    
  skip word64 tb=8 w=1: CompilationError: at 32:63:
    TOKEN_BLOCK: tl.constexpr,
    SEARCH_STEPS: tl.constexpr,
):
    
  skip word64 tb=8 w=2: CompilationError: at 32:63:
    TOKEN_BLOCK: tl.constexpr,
    SEARCH_STEPS: tl.constexpr,
):
    
  skip word64 tb=8 w=4: CompilationError: at 32:63:
    TOKEN_BLOCK: tl.constexpr,
    SEARCH_STEPS: tl.constexpr,
):
    
  skip word64 tb=8 w=8: CompilationError: at 32:63:
    TOKEN_BLOCK: tl.constexpr,
    SEARCH_STEPS: tl.constexpr,
):
    
  skip word64 tb=8 w=16: CompilationError: at 32:63:
    TOKEN_BLOCK: tl.constexpr,
    SEARCH_STEPS: tl.constexpr,
):
    
  skip word64 tb=16 w=1: CompilationError: at 32:63:
    TOKEN_BLOCK: tl.constexpr,
    SEARCH_STEPS: tl.constexpr,
):
    
  skip word64 tb=16 w=2: CompilationError: at 32:63:
    TOKEN_BLOCK: tl.constexpr,
    SEARCH_STEPS: tl.constexpr,
):
    
  skip word64 tb=16 w=4: CompilationError: at 32:63:
    TOKEN_BLOCK: tl.constexpr,
    SEARCH_STEPS: tl.constexpr,
):
    
  skip word64 tb=16 w=8: CompilationError: at 32:63:
    TOKEN_BLOCK: tl.constexpr,
    SEARCH_STEPS: tl.constexpr,
):
    
  skip word64 tb=16 w=16: CompilationError: at 32:63:
    TOKEN_BLOCK: tl.constexpr,
    SEARCH_STEPS: tl.constexpr,
):
    
  skip word64 tb=32 w=1: CompilationError: at 32:63:
    TOKEN_BLOCK: tl.constexpr,
    SEARCH_STEPS: tl.constexpr,
):
    
  skip word64 tb=32 w=2: CompilationError: at 32:63:
    TOKEN_BLOCK: tl.constexpr,
    SEARCH_STEPS: tl.constexpr,
):
    
  skip word64 tb=32 w=4: CompilationError: at 32:63:
    TOKEN_BLOCK: tl.constexpr,
    SEARCH_STEPS: tl.constexpr,
):
    
  skip word64 tb=32 w=8: CompilationError: at 32:63:
    TOKEN_BLOCK: tl.constexpr,
    SEARCH_STEPS: tl.constexpr,
):
    
  skip word64 tb=32 w=16: CompilationError: at 32:63:
    TOKEN_BLOCK: tl.constexpr,
    SEARCH_STEPS: tl.constexpr,
):
    
  skip word64 tb=64 w=1: CompilationError: at 32:63:
    TOKEN_BLOCK: tl.constexpr,
    SEARCH_STEPS: tl.constexpr,
):
    
  skip word64 tb=64 w=2: CompilationError: at 32:63:
    TOKEN_BLOCK: tl.constexpr,
    SEARCH_STEPS: tl.constexpr,
):
    
  skip word64 tb=64 w=4: CompilationError: at 32:63:
    TOKEN_BLOCK: tl.constexpr,
    SEARCH_STEPS: tl.constexpr,
):
    
  skip word64 tb=64 w=8: CompilationError: at 32:63:
    TOKEN_BLOCK: tl.constexpr,
    SEARCH_STEPS: tl.constexpr,
):
    
  skip word64 tb=64 w=16: CompilationError: at 32:63:
    TOKEN_BLOCK: tl.constexpr,
    SEARCH_STEPS: tl.constexpr,
):
    
  skip word64 tb=128 w=1: CompilationError: at 32:63:
    TOKEN_BLOCK: tl.constexpr,
    SEARCH_STEPS: tl.constexpr,
):
    
  skip word64 tb=128 w=2: CompilationError: at 32:63:
    TOKEN_BLOCK: tl.constexpr,
    SEARCH_STEPS: tl.constexpr,
):
    
  skip word64 tb=128 w=4: CompilationError: at 32:63:
    TOKEN_BLOCK: tl.constexpr,
    SEARCH_STEPS: tl.constexpr,
):
    
  skip word64 tb=128 w=8: CompilationError: at 32:63:
    TOKEN_BLOCK: tl.constexpr,
    SEARCH_STEPS: tl.constexpr,
):
    
  skip word64 tb=128 w=16: CompilationError: at 32:63:
    TOKEN_BLOCK: tl.constexpr,
    SEARCH_STEPS: tl.constexpr,
):
    
(64, 4096, 64, 128, 128)     69.2      746      147      818     64/1      n/a               n/a         
